Component: ARM Compiler 5.05 update 1 (build 106) Tool: armlink [4d0efa]

==============================================================================

Section Cross References

    system_stm32f10x.o(.text) refers to system_stm32f10x.o(.data) for SystemCoreClock
    main.o(.text) refers to init.o(.text) for hardwareInit
    main.o(.text) refers to delay.o(.text) for delay_ms
    main.o(.text) refers to steeringmotor.o(.text) for returnToZero
    main.o(.text) refers to control.o(.text) for sendDriverCAN
    main.o(.text) refers to dealdate.o(.text) for showState
    main.o(.text) refers to workstate.o(.text) for Normal_Control_Task
    main.o(.text) refers to hubmotor.o(.text) for setHubMotorTargetSpeed
    main.o(.text) refers to xianwei.o(.data) for encode1_value
    main.o(.text) refers to main.o(.data) for zeroState
    key.o(.text) refers to stm32f10x_rcc.o(.text) for RCC_APB2PeriphClockCmd
    key.o(.text) refers to stm32f10x_gpio.o(.text) for GPIO_Init
    key.o(.text) refers to delay.o(.text) for delay_ms
    key.o(.text) refers to key.o(.data) for key_up
    lcd.o(.text) refers to _printf_percent.o(.ARM.Collect$$_printf_percent$$00000000) for _printf_percent
    lcd.o(.text) refers to _printf_x.o(.ARM.Collect$$_printf_percent$$0000000C) for _printf_x
    lcd.o(.text) refers to _printf_hex_int.o(.text) for _printf_longlong_hex
    lcd.o(.text) refers to delay.o(.text) for delay_us
    lcd.o(.text) refers to lcd.o(.bss) for lcddev
    lcd.o(.text) refers to lcd.o(.data) for POINT_COLOR
    lcd.o(.text) refers to dflt_clz.o(x$fpl$dfltu) for __aeabi_ui2d
    lcd.o(.text) refers to dmul.o(x$fpl$dmul) for __aeabi_dmul
    lcd.o(.text) refers to dfixu.o(x$fpl$dfixu) for __aeabi_d2uiz
    lcd.o(.text) refers to stm32f10x_rcc.o(.text) for RCC_AHBPeriphClockCmd
    lcd.o(.text) refers to stm32f10x_gpio.o(.text) for GPIO_Init
    lcd.o(.text) refers to stm32f10x_fsmc.o(.text) for FSMC_NORSRAMInit
    lcd.o(.text) refers to noretval__2printf.o(.text) for __2printf
    lcd.o(.text) refers to lcd.o(.constdata) for asc2_1206
    dma.o(.text) refers to stm32f10x_rcc.o(.text) for RCC_AHBPeriphClockCmd
    dma.o(.text) refers to stm32f10x_dma.o(.text) for DMA_DeInit
    dma.o(.text) refers to dma.o(.data) for DMA1_MEM_LEN
    dma.o(.text) refers to dma.o(.bss) for DMA_InitStructure
    led.o(.text) refers to stm32f10x_rcc.o(.text) for RCC_APB2PeriphClockCmd
    led.o(.text) refers to stm32f10x_gpio.o(.text) for GPIO_Init
    rs485.o(.text) refers to stm32f10x_usart.o(.text) for USART_GetITStatus
    rs485.o(.text) refers to stm32f10x_rcc.o(.text) for RCC_APB2PeriphClockCmd
    rs485.o(.text) refers to stm32f10x_gpio.o(.text) for GPIO_Init
    rs485.o(.text) refers to misc.o(.text) for NVIC_Init
    rs485.o(.text) refers to delay.o(.text) for delay_ms
    rs485.o(.text) refers to rs485.o(.data) for RS485_RX_CNT
    rs485.o(.text) refers to rs485.o(.bss) for RS485_RX_BUF
    timer.o(.text) refers to stm32f10x_rcc.o(.text) for RCC_APB1PeriphClockCmd
    timer.o(.text) refers to stm32f10x_gpio.o(.text) for GPIO_Init
    timer.o(.text) refers to stm32f10x_tim.o(.text) for TIM_TimeBaseInit
    timer.o(.text) refers to misc.o(.text) for NVIC_Init
    timer.o(.text) refers to wdg.o(.text) for IWDG_Feed
    timer.o(.text) refers to encoder.o(.text) for getAbEncoderVaule
    timer.o(.text) refers to xianwei.o(.text) for xianwei
    timer.o(.text) refers to pstwo.o(.text) for PS2_RedLight
    timer.o(.text) refers to control.o(.text) for stop
    timer.o(.text) refers to lcd.o(.text) for LCD_ShowString
    timer.o(.text) refers to timer.o(.data) for cnt
    timer.o(.text) refers to main.o(.data) for spstate
    can.o(.text) refers to stm32f10x_rcc.o(.text) for RCC_APB2PeriphClockCmd
    can.o(.text) refers to stm32f10x_gpio.o(.text) for GPIO_Init
    can.o(.text) refers to stm32f10x_can.o(.text) for CAN_Init
    can.o(.text) refers to misc.o(.text) for NVIC_Init
    can.o(.text) refers to wdg.o(.text) for IWDG_Feed
    can.o(.text) refers to dealdate.o(.text) for CAN_DATA_Receive
    pstwo.o(.text) refers to delay.o(.text) for delay_us
    pstwo.o(.text) refers to pstwo.o(.bss) for Data
    pstwo.o(.text) refers to pstwo.o(.data) for Comd
    wdg.o(.text) refers to stm32f10x_iwdg.o(.text) for IWDG_WriteAccessCmd
    beep.o(.text) refers to stm32f10x_rcc.o(.text) for RCC_APB2PeriphClockCmd
    beep.o(.text) refers to stm32f10x_gpio.o(.text) for GPIO_Init
    delay.o(.text) refers to misc.o(.text) for SysTick_CLKSourceConfig
    delay.o(.text) refers to system_stm32f10x.o(.data) for SystemCoreClock
    delay.o(.text) refers to delay.o(.data) for fac_us
    usart.o(.text) refers (Special) to use_no_semi_2.o(.text) for __use_no_semihosting
    usart.o(.text) refers to stm32f10x_rcc.o(.text) for RCC_APB2PeriphClockCmd
    usart.o(.text) refers to stm32f10x_gpio.o(.text) for GPIO_Init
    usart.o(.text) refers to misc.o(.text) for NVIC_Init
    usart.o(.text) refers to stm32f10x_usart.o(.text) for USART_Init
[...]
    _rand_init                                - Undefined Weak Reference
    _signal_finish                            - Undefined Weak Reference
    _signal_init                              - Undefined Weak Reference
    _terminate_alloc                          - Undefined Weak Reference
    _terminate_user_alloc                     - Undefined Weak Reference
    _terminateio                              - Undefined Weak Reference
    __Vectors_Size                           0x00000130   Number         0  startup_stm32f10x_hd.o ABSOLUTE
    __Vectors                                0x08000000   Data           4  startup_stm32f10x_hd.o(RESET)
    __Vectors_End                            0x08000130   Data           0  startup_stm32f10x_hd.o(RESET)
    __main                                   0x08000131   Thumb Code     8  __main.o(!!!main)
    __scatterload                            0x08000139   Thumb Code     0  __scatter.o(!!!scatter)
    __scatterload_rt2                        0x08000139   Thumb Code    44  __scatter.o(!!!scatter)
    __scatterload_rt2_thumb_only             0x08000139   Thumb Code     0  __scatter.o(!!!scatter)
    __scatterload_null                       0x08000147   Thumb Code     0  __scatter.o(!!!scatter)
    __decompress                             0x0800016d   Thumb Code    90  __dczerorl2.o(!!dczerorl2)
    __decompress1                            0x0800016d   Thumb Code     0  __dczerorl2.o(!!dczerorl2)
    __scatterload_zeroinit                   0x080001c9   Thumb Code    28  __scatter_zi.o(!!handler_zi)
    _printf_f                                0x080001e5   Thumb Code     0  _printf_f.o(.ARM.Collect$$_printf_percent$$00000003)
    _printf_percent                          0x080001e5   Thumb Code     0  _printf_percent.o(.ARM.Collect$$_printf_percent$$00000000)
    _printf_d                                0x080001eb   Thumb Code     0  _printf_d.o(.ARM.Collect$$_printf_percent$$00000009)
    _printf_x                                0x080001f1   Thumb Code     0  _printf_x.o(.ARM.Collect$$_printf_percent$$0000000C)
    _printf_percent_end                      0x080001f7   Thumb Code     0  _printf_percent_end.o(.ARM.Collect$$_printf_percent$$00000017)
    __rt_lib_init                            0x080001fb   Thumb Code     0  libinit.o(.ARM.Collect$$libinit$$00000000)
    __rt_lib_init_fp_1                       0x080001fd   Thumb Code     0  libinit2.o(.ARM.Collect$$libinit$$00000002)
    __rt_lib_init_heap_1                     0x080001fd   Thumb Code     0  libinit2.o(.ARM.Collect$$libinit$$0000000A)
    __rt_lib_init_lc_common                  0x080001fd   Thumb Code     0  libinit2.o(.ARM.Collect$$libinit$$0000000F)
    __rt_lib_init_preinit_1                  0x080001fd   Thumb Code     0  libinit2.o(.ARM.Collect$$libinit$$00000004)
    __rt_lib_init_rand_1                     0x080001fd   Thumb Code     0  libinit2.o(.ARM.Collect$$libinit$$0000000E)
    __rt_lib_init_user_alloc_1               0x080001fd   Thumb Code     0  libinit2.o(.ARM.Collect$$libinit$$0000000C)
    __rt_lib_init_lc_collate_1               0x08000203   Thumb Code     0  libinit2.o(.ARM.Collect$$libinit$$00000011)
    __rt_lib_init_lc_ctype_1                 0x08000203   Thumb Code     0  libinit2.o(.ARM.Collect$$libinit$$00000013)
    __rt_lib_init_lc_monetary_1              0x08000203   Thumb Code     0  libinit2.o(.ARM.Collect$$libinit$$00000015)
    __rt_lib_init_lc_numeric_2               0x08000203   Thumb Code     0  libinit2.o(.ARM.Collect$$libinit$$00000016)
    __rt_lib_init_alloca_1                   0x0800020d   Thumb Code     0  libinit2.o(.ARM.Collect$$libinit$$0000002E)
    __rt_lib_init_argv_1                     0x0800020d   Thumb Code     0  libinit2.o(.ARM.Collect$$libinit$$0000002C)
    __rt_lib_init_atexit_1                   0x0800020d   Thumb Code     0  libinit2.o(.ARM.Collect$$libinit$$0000001B)
    __rt_lib_init_clock_1                    0x0800020d   Thumb Code     0  libinit2.o(.ARM.Collect$$libinit$$00000021)
    __rt_lib_init_cpp_1                      0x0800020d   Thumb Code     0  libinit2.o(.ARM.Collect$$libinit$$00000032)
    __rt_lib_init_exceptions_1               0x0800020d   Thumb Code     0  libinit2.o(.ARM.Collect$$libinit$$00000030)
    __rt_lib_init_fp_trap_1                  0x0800020d   Thumb Code     0  libinit2.o(.ARM.Collect$$libinit$$0000001F)
    __rt_lib_init_getenv_1                   0x0800020d   Thumb Code     0  libinit2.o(.ARM.Collect$$libinit$$00000023)
    __rt_lib_init_lc_numeric_1               0x0800020d   Thumb Code     0  libinit2.o(.ARM.Collect$$libinit$$00000017)
    __rt_lib_init_lc_time_1                  0x0800020d   Thumb Code     0  libinit2.o(.ARM.Collect$$libinit$$00000019)
    __rt_lib_init_return                     0x0800020d   Thumb Code     0  libinit2.o(.ARM.Collect$$libinit$$00000033)
    __rt_lib_init_signal_1                   0x0800020d   Thumb Code     0  libinit2.o(.ARM.Collect$$libinit$$0000001D)
    __rt_lib_init_stdio_1                    0x0800020d   Thumb Code     0  libinit2.o(.ARM.Collect$$libinit$$00000025)
    __rt_lib_shutdown                        0x0800020f   Thumb Code     0  libshutdown.o(.ARM.Collect$$libshutdown$$00000000)
    __rt_lib_shutdown_fp_trap_1              0x08000211   Thumb Code     0  libshutdown2.o(.ARM.Collect$$libshutdown$$00000006)
    __rt_lib_shutdown_heap_1                 0x08000211   Thumb Code     0  libshutdown2.o(.ARM.Collect$$libshutdown$$0000000E)
    __rt_lib_shutdown_return                 0x08000211   Thumb Code     0  libshutdown2.o(.ARM.Collect$$libshutdown$$0000000F)
    __rt_lib_shutdown_signal_1               0x08000211   Thumb Code     0  libshutdown2.o(.ARM.Collect$$libshutdown$$00000009)
    __rt_lib_shutdown_stdio_1                0x08000211   Thumb Code     0  libshutdown2.o(.ARM.Collect$$libshutdown$$00000003)
    __rt_lib_shutdown_user_alloc_1           0x08000211   Thumb Code     0  libshutdown2.o(.ARM.Collect$$libshutdown$$0000000B)
    __rt_entry                               0x08000213   Thumb Code     0  __rtentry.o(.ARM.Collect$$rtentry$$00000000)
    __rt_entry_presh_1                       0x08000213   Thumb Code     0  __rtentry2.o(.ARM.Collect$$rtentry$$00000002)
    __rt_entry_sh                            0x08000213   Thumb Code     0  __rtentry4.o(.ARM.Collect$$rtentry$$00000004)
    __rt_entry_li                            0x08000219   Thumb Code     0  __rtentry2.o(.ARM.Collect$$rtentry$$0000000A)
    __rt_entry_postsh_1                      0x08000219   Thumb Code     0  __rtentry2.o(.ARM.Collect$$rtentry$$00000009)
    __rt_entry_main                          0x0800021d   Thumb Code     0  __rtentry2.o(.ARM.Collect$$rtentry$$0000000D)
    __rt_entry_postli_1                      0x0800021d   Thumb Code     0  __rtentry2.o(.ARM.Collect$$rtentry$$0000000C)
    __rt_exit                                0x08000225   Thumb Code     0  rtexit.o(.ARM.Collect$$rtexit$$00000000)
    __rt_exit_ls                             0x08000227   Thumb Code     0  rtexit2.o(.ARM.Collect$$rtexit$$00000003)
    __rt_exit_prels_1                        0x08000227   Thumb Code     0  rtexit2.o(.ARM.Collect$$rtexit$$00000002)
    __rt_exit_exit                           0x0800022b   Thumb Code     0  rtexit2.o(.ARM.Collect$$rtexit$$00000004)
    NMI_Handler                              0x08000231   Thumb Code     2  stm32f10x_it.o(.text)
    HardFault_Handler                        0x08000233   Thumb Code     4  stm32f10x_it.o(.text)
    MemManage_Handler                        0x08000237   Thumb Code     4  stm32f10x_it.o(.text)
    BusFault_Handler                         0x0800023b   Thumb Code     4  stm32f10x_it.o(.text)
    UsageFault_Handler                       0x0800023f   Thumb Code     4  stm32f10x_it.o(.text)
    SVC_Handler                              0x08000243   Thumb Code     2  stm32f10x_it.o(.text)
    DebugMon_Handler                         0x08000245   Thumb Code     2  stm32f10x_it.o(.text)
    PendSV_Handler                           0x08000247   Thumb Code     2  stm32f10x_it.o(.text)
    SysTick_Handler                          0x08000249   Thumb Code     2  stm32f10x_it.o(.text)
    SystemInit                               0x0800032b   Thumb Code    78  system_stm32f10x.o(.text)
    SystemCoreClockUpdate                    0x08000379   Thumb Code   142  system_stm32f10x.o(.text)
    main                                     0x0800042d   Thumb Code   236  main.o(.text)
    LCD_WR_REG                               0x08000535   Thumb Code     6  lcd.o(.text)
    LCD_WR_DATA                              0x0800053b   Thumb Code     8  lcd.o(.text)
    LCD_RD_DATA                              0x08000543   Thumb Code    16  lcd.o(.text)
    LCD_WriteReg                             0x08000553   Thumb Code    10  lcd.o(.text)
    LCD_ReadReg                              0x0800055d   Thumb Code    22  lcd.o(.text)
    LCD_WriteRAM_Prepare                     0x08000573   Thumb Code    10  lcd.o(.text)
    LCD_WriteRAM                             0x0800057d   Thumb Code     8  lcd.o(.text)
    LCD_BGR2RGB                              0x08000585   Thumb Code    26  lcd.o(.text)
    opt_delay                                0x0800059f   Thumb Code    14  lcd.o(.text)
    LCD_SetCursor                            0x080005ad   Thumb Code   418  lcd.o(.text)
    LCD_ReadPoint                            0x0800074f   Thumb Code   360  lcd.o(.text)
    LCD_DisplayOn                            0x080008b7   Thumb Code   102  lcd.o(.text)
    LCD_DisplayOff                           0x0800091d   Thumb Code    90  lcd.o(.text)
    LCD_Scan_Dir                             0x08000977   Thumb Code   744  lcd.o(.text)
    LCD_DrawPoint                            0x08000c5f   Thumb Code    28  lcd.o(.text)
    LCD_Fast_DrawPoint                       0x08000c7b   Thumb Code   384  lcd.o(.text)
    LCD_SSD_BackLightSet                     0x08000dfb   Thumb Code    80  lcd.o(.text)
    LCD_Display_Dir                          0x08000e4b   Thumb Code   444  lcd.o(.text)
    LCD_Set_Window                           0x08001007   Thumb Code   540  lcd.o(.text)
    LCD_Clear                                0x08001223   Thumb Code   100  lcd.o(.text)
    LCD_Init                                 0x08001287   Thumb Code 14190  lcd.o(.text)
    LCD_Fill                                 0x080049f5   Thumb Code   178  lcd.o(.text)
    LCD_Color_Fill                           0x08004aa7   Thumb Code   106  lcd.o(.text)
    LCD_DrawLine                             0x08004b11   Thumb Code   176  lcd.o(.text)
    LCD_DrawRectangle                        0x08004bc1   Thumb Code    60  lcd.o(.text)
    LCD_Draw_Circle                          0x08004bfd   Thumb Code   152  lcd.o(.text)
    LCD_ShowChar                             0x08004c95   Thumb Code   272  lcd.o(.text)
    LCD_Pow                                  0x08004da5   Thumb Code    22  lcd.o(.text)
    LCD_ShowNum                              0x08004dbb   Thumb Code   148  lcd.o(.text)
    LCD_ShowxNum                             0x08004e4f   Thumb Code   220  lcd.o(.text)
    LCD_ShowString                           0x08004f2b   Thumb Code   102  lcd.o(.text)
    USART2_IRQHandler                        0x08004f91   Thumb Code    50  rs485.o(.text)
    RS485_Init                               0x08004fc3   Thumb Code   198  rs485.o(.text)
    RS485_Send_Data                          0x08005089   Thumb Code    72  rs485.o(.text)
    RS485_Receive_Data                       0x080050d1   Thumb Code    68  rs485.o(.text)
    TIM2_PWM_Init                            0x0800512d   Thumb Code   130  timer.o(.text)
    TIM3_PWM_Init                            0x080051af   Thumb Code   134  timer.o(.text)
    TIM4_PWM_Init                            0x08005235   Thumb Code   128  timer.o(.text)
    TIM5_PWM_Init                            0x080052b5   Thumb Code   126  timer.o(.text)
    TIM1_Int_Init                            0x08005333   Thumb Code    90  timer.o(.text)
    TIM1_UP_IRQHandler                       0x0800538d   Thumb Code    34  timer.o(.text)
    TIM2_Int_Init                            0x080053af   Thumb Code    92  timer.o(.text)
    TIM2_IRQHandler                          0x0800540b   Thumb Code   102  timer.o(.text)
    TIM3_Int_Init                            0x08005471   Thumb Code    90  timer.o(.text)
    TIM3_IRQHandler                          0x080054cb   Thumb Code    34  timer.o(.text)
    TIM6_Int_Init                            0x080054ed   Thumb Code   156  timer.o(.text)
    TIM6_IRQHandler                          0x08005589   Thumb Code   104  timer.o(.text)
    TIM7_Int_Init                            0x080055f1   Thumb Code    90  timer.o(.text)
    TIM7_IRQHandler                          0x0800564b   Thumb Code    34  timer.o(.text)
    CAN_Mode_Init                            0x08005689   Thumb Code   240  can.o(.text)
    USB_LP_CAN1_RX0_IRQHandler               0x08005779   Thumb Code    38  can.o(.text)
    CAN_Send_Msg                             0x0800579f   Thumb Code   150  can.o(.text)
    PS2_Init                                 0x08005841   Thumb Code    72  pstwo.o(.text)
    PS2_Cmd                                  0x08005889   Thumb Code   130  pstwo.o(.text)
    PS2_RedLight                             0x0800590b   Thumb Code    50  pstwo.o(.text)
    PS2_ReadData                             0x0800593d   Thumb Code   168  pstwo.o(.text)
    PS2_ClearData                            0x080059e5   Thumb Code    20  pstwo.o(.text)
    PS2_DataKey                              0x080059f9   Thumb Code    70  pstwo.o(.text)
    PS2_AnologData                           0x08005a3f   Thumb Code     8  pstwo.o(.text)
    PS2_Vibration                            0x08005a47   Thumb Code    90  pstwo.o(.text)
    PS2_ShortPoll                            0x08005aa1   Thumb Code    62  pstwo.o(.text)
    PS2_EnterConfing                         0x08005adf   Thumb Code    86  pstwo.o(.text)
    PS2_TurnOnAnalogMode                     0x08005b35   Thumb Code    80  pstwo.o(.text)
    PS2_VibrationMode                        0x08005b85   Thumb Code    62  pstwo.o(.text)
    PS2_ExitConfing                          0x08005bc3   Thumb Code    86  pstwo.o(.text)
    PS2_SetInit                              0x08005c19   Thumb Code    68  pstwo.o(.text)
    IWDG_Init                                0x08005c5d   Thumb Code    36  wdg.o(.text)
    IWDG_Feed                                0x08005c81   Thumb Code     8  wdg.o(.text)
    BEEP_Init                                0x08005c89   Thumb Code    50  beep.o(.text)
    delay_init                               0x08005cc1   Thumb Code    50  delay.o(.text)
    delay_us                                 0x08005cf3   Thumb Code    72  delay.o(.text)
    delay_ms                                 0x08005d3b   Thumb Code    72  delay.o(.text)
    _sys_exit                                0x08005d95   Thumb Code     6  usart.o(.text)
    fputc                                    0x08005d9b   Thumb Code    24  usart.o(.text)
    uart_init                                0x08005db3   Thumb Code   152  usart.o(.text)
    USART1_IRQHandler                        0x08005e4b   Thumb Code   122  usart.o(.text)
    Reset_Handler                            0x08005ed5   Thumb Code     8  startup_stm32f10x_hd.o(.text)
    ADC1_2_IRQHandler                        0x08005eef   Thumb Code     0  startup_stm32f10x_hd.o(.text)
    ADC3_IRQHandler                          0x08005eef   Thumb Code     0  startup_stm32f10x_hd.o(.text)
    CAN1_RX1_IRQHandler                      0x08005eef   Thumb Code     0  startup_stm32f10x_hd.o(.text)
    CAN1_SCE_IRQHandler                      0x08005eef   Thumb Code     0  startup_stm32f10x_hd.o(.text)
    DMA1_Channel1_IRQHandler                 0x08005eef   Thumb Code     0  startup_stm32f10x_hd.o(.text)
    DMA1_Channel2_IRQHandler                 0x08005eef   Thumb Code     0  startup_stm32f10x_hd.o(.text)
    DMA1_Channel3_IRQHandler                 0x08005eef   Thumb Code     0  startup_stm32f10x_hd.o(.text)
    DMA1_Channel4_IRQHandler                 0x08005eef   Thumb Code     0  startup_stm32f10x_hd.o(.text)
    DMA1_Channel5_IRQHandler                 0x08005eef   Thumb Code     0  startup_stm32f10x_hd.o(.text)
    DMA1_Channel6_IRQHandler                 0x08005eef   Thumb Code     0  startup_stm32f10x_hd.o(.text)
    DMA1_Channel7_IRQHandler                 0x08005eef   Thumb Code     0  startup_stm32f10x_hd.o(.text)
    DMA2_Channel1_IRQHandler                 0x08005eef   Thumb Code     0  startup_stm32f10x_hd.o(.text)
    DMA2_Channel2_IRQHandler                 0x08005eef   Thumb Code     0  startup_stm32f10x_hd.o(.text)
    DMA2_Channel3_IRQHandler                 0x08005eef   Thumb Code     0  startup_stm32f10x_hd.o(.text)
    DMA2_Channel4_5_IRQHandler               0x08005eef   Thumb Code     0  startup_stm32f10x_hd.o(.text)
    EXTI0_IRQHandler                         0x08005eef   Thumb Code     0  startup_stm32f10x_hd.o(.text)
    EXTI15_10_IRQHandler                     0x08005eef   Thumb Code     0  startup_stm32f10x_hd.o(.text)
    EXTI1_IRQHandler                         0x08005eef   Thumb Code     0  startup_stm32f10x_hd.o(.text)
    EXTI2_IRQHandler                         0x08005eef   Thumb Code     0  startup_stm32f10x_hd.o(.text)
    EXTI3_IRQHandler                         0x08005eef   Thumb Code     0  startup_stm32f10x_hd.o(.text)
    EXTI4_IRQHandler                         0x08005eef   Thumb Code     0  startup_stm32f10x_hd.o(.text)
    EXTI9_5_IRQHandler                       0x08005eef   Thumb Code     0  startup_stm32f10x_hd.o(.text)
    FLASH_IRQHandler                         0x08005eef   Thumb Code     0  startup_stm32f10x_hd.o(.text)
    FSMC_IRQHandler                          0x08005eef   Thumb Code     0  startup_stm32f10x_hd.o(.text)
    I2C1_ER_IRQHandler                       0x08005eef   Thumb Code     0  startup_stm32f10x_hd.o(.text)
    I2C1_EV_IRQHandler                       0x08005eef   Thumb Code     0  startup_stm32f10x_hd.o(.text)
    I2C2_ER_IRQHandler                       0x08005eef   Thumb Code     0  startup_stm32f10x_hd.o(.text)
    I2C2_EV_IRQHandler                       0x08005eef   Thumb Code     0  startup_stm32f10x_hd.o(.text)
    PVD_IRQHandler                           0x08005eef   Thumb Code     0  startup_stm32f10x_hd.o(.text)
    RCC_IRQHandler                           0x08005eef   Thumb Code     0  startup_stm32f10x_hd.o(.text)
    RTCAlarm_IRQHandler                      0x08005eef   Thumb Code     0  startup_stm32f10x_hd.o(.text)
    RTC_IRQHandler                           0x08005eef   Thumb Code     0  startup_stm32f10x_hd.o(.text)
    SDIO_IRQHandler                          0x08005eef   Thumb Code     0  startup_stm32f10x_hd.o(.text)
    SPI1_IRQHandler                          0x08005eef   Thumb Code     0  startup_stm32f10x_hd.o(.text)
    SPI2_IRQHandler                          0x08005eef   Thumb Code     0  startup_stm32f10x_hd.o(.text)
    SPI3_IRQHandler                          0x08005eef   Thumb Code     0  startup_stm32f10x_hd.o(.text)
    TAMPER_IRQHandler                        0x08005eef   Thumb Code     0  startup_stm32f10x_hd.o(.text)
    TIM1_BRK_IRQHandler                      0x08005eef   Thumb Code     0  startup_stm32f10x_hd.o(.text)
    TIM1_CC_IRQHandler                       0x08005eef   Thumb Code     0  startup_stm32f10x_hd.o(.text)
    TIM1_TRG_COM_IRQHandler                  0x08005eef   Thumb Code     0  startup_stm32f10x_hd.o(.text)
    TIM4_IRQHandler                          0x08005eef   Thumb Code     0  startup_stm32f10x_hd.o(.text)
    TIM5_IRQHandler                          0x08005eef   Thumb Code     0  startup_stm32f10x_hd.o(.text)
    TIM8_BRK_IRQHandler                      0x08005eef   Thumb Code     0  startup_stm32f10x_hd.o(.text)
    TIM8_CC_IRQHandler                       0x08005eef   Thumb Code     0  startup_stm32f10x_hd.o(.text)
    TIM8_TRG_COM_IRQHandler                  0x08005eef   Thumb Code     0  startup_stm32f10x_hd.o(.text)
    TIM8_UP_IRQHandler                       0x08005eef   Thumb Code     0  startup_stm32f10x_hd.o(.text)
    UART4_IRQHandler                         0x08005eef   Thumb Code     0  startup_stm32f10x_hd.o(.text)
    UART5_IRQHandler                         0x08005eef   Thumb Code     0  startup_stm32f10x_hd.o(.text)
    USART3_IRQHandler                        0x08005eef   Thumb Code     0  startup_stm32f10x_hd.o(.text)
    USBWakeUp_IRQHandler                     0x08005eef   Thumb Code     0  startup_stm32f10x_hd.o(.text)
    USB_HP_CAN1_TX_IRQHandler                0x08005eef   Thumb Code     0  startup_stm32f10x_hd.o(.text)
    WWDG_IRQHandler                          0x08005eef   Thumb Code     0  startup_stm32f10x_hd.o(.text)
    __user_initial_stackheap                 0x08005ef1   Thumb Code     0  startup_stm32f10x_hd.o(.text)
    NVIC_PriorityGroupConfig                 0x08005f15   Thumb Code    10  misc.o(.text)
    NVIC_Init                                0x08005f1f   Thumb Code   100  misc.o(.text)
    NVIC_SetVectorTable                      0x08005f83   Thumb Code    14  misc.o(.text)
    NVIC_SystemLPConfig                      0x08005f91   Thumb Code    34  misc.o(.text)
    SysTick_CLKSourceConfig                  0x08005fb3   Thumb Code    40  misc.o(.text)
    FSMC_NORSRAMDeInit                       0x08005ff1   Thumb Code    54  stm32f10x_fsmc.o(.text)
    FSMC_NANDDeInit                          0x08006027   Thumb Code    62  stm32f10x_fsmc.o(.text)
    FSMC_PCCARDDeInit                        0x08006065   Thumb Code    36  stm32f10x_fsmc.o(.text)
    FSMC_NORSRAMInit                         0x08006089   Thumb Code   230  stm32f10x_fsmc.o(.text)
    FSMC_NANDInit                            0x0800616f   Thumb Code   132  stm32f10x_fsmc.o(.text)
    FSMC_PCCARDInit                          0x080061f3   Thumb Code   130  stm32f10x_fsmc.o(.text)
    FSMC_NORSRAMStructInit                   0x08006275   Thumb Code   114  stm32f10x_fsmc.o(.text)
    FSMC_NANDStructInit                      0x080062e7   Thumb Code    54  stm32f10x_fsmc.o(.text)
    FSMC_PCCARDStructInit                    0x0800631d   Thumb Code    60  stm32f10x_fsmc.o(.text)
    FSMC_NORSRAMCmd                          0x08006359   Thumb Code    46  stm32f10x_fsmc.o(.text)
    FSMC_NANDCmd                             0x08006387   Thumb Code    86  stm32f10x_fsmc.o(.text)
    FSMC_PCCARDCmd                           0x080063dd   Thumb Code    44  stm32f10x_fsmc.o(.text)
    FSMC_NANDECCCmd                          0x08006409   Thumb Code    90  stm32f10x_fsmc.o(.text)
    FSMC_GetECC                              0x08006463   Thumb Code    24  stm32f10x_fsmc.o(.text)
    FSMC_ITConfig                            0x0800647b   Thumb Code   128  stm32f10x_fsmc.o(.text)
    FSMC_GetFlagStatus                       0x080064fb   Thumb Code    54  stm32f10x_fsmc.o(.text)
    FSMC_ClearFlag                           0x08006531   Thumb Code    62  stm32f10x_fsmc.o(.text)
    FSMC_GetITStatus                         0x0800656f   Thumb Code    64  stm32f10x_fsmc.o(.text)
    FSMC_ClearITPendingBit                   0x080065af   Thumb Code    68  stm32f10x_fsmc.o(.text)
    GPIO_DeInit                              0x080065fd   Thumb Code   172  stm32f10x_gpio.o(.text)
    GPIO_AFIODeInit                          0x080066a9   Thumb Code    20  stm32f10x_gpio.o(.text)
    GPIO_Init                                0x080066bd   Thumb Code   278  stm32f10x_gpio.o(.text)
    GPIO_StructInit                          0x080067d3   Thumb Code    16  stm32f10x_gpio.o(.text)
    GPIO_ReadInputDataBit                    0x080067e3   Thumb Code    18  stm32f10x_gpio.o(.text)
    GPIO_ReadInputData                       0x080067f5   Thumb Code     8  stm32f10x_gpio.o(.text)
    GPIO_ReadOutputDataBit                   0x080067fd   Thumb Code    18  stm32f10x_gpio.o(.text)
    GPIO_ReadOutputData                      0x0800680f   Thumb Code     8  stm32f10x_gpio.o(.text)
    GPIO_SetBits                             0x08006817   Thumb Code     4  stm32f10x_gpio.o(.text)
    GPIO_ResetBits                           0x0800681b   Thumb Code     4  stm32f10x_gpio.o(.text)
    GPIO_WriteBit                            0x0800681f   Thumb Code    10  stm32f10x_gpio.o(.text)
    GPIO_Write                               0x08006829   Thumb Code     4  stm32f10x_gpio.o(.text)
    GPIO_PinLockConfig                       0x0800682d   Thumb Code    18  stm32f10x_gpio.o(.text)
    GPIO_EventOutputConfig                   0x0800683f   Thumb Code    26  stm32f10x_gpio.o(.text)
    GPIO_EventOutputCmd                      0x08006859   Thumb Code     6  stm32f10x_gpio.o(.text)
    GPIO_PinRemapConfig                      0x0800685f   Thumb Code   138  stm32f10x_gpio.o(.text)
    GPIO_EXTILineConfig                      0x080068e9   Thumb Code    66  stm32f10x_gpio.o(.text)
    GPIO_ETH_MediaInterfaceConfig            0x0800692b   Thumb Code     8  stm32f10x_gpio.o(.text)
    USART_DeInit                             0x08006959   Thumb Code   134  stm32f10x_usart.o(.text)
    USART_Init                               0x080069df   Thumb Code   210  stm32f10x_usart.o(.text)
    USART_StructInit                         0x08006ab1   Thumb Code    24  stm32f10x_usart.o(.text)
    USART_ClockInit                          0x08006ac9   Thumb Code    34  stm32f10x_usart.o(.text)
    USART_ClockStructInit                    0x08006aeb   Thumb Code    12  stm32f10x_usart.o(.text)
    USART_Cmd                                0x08006af7   Thumb Code    24  stm32f10x_usart.o(.text)
    USART_ITConfig                           0x08006b0f   Thumb Code    74  stm32f10x_usart.o(.text)
    USART_DMACmd                             0x08006b59   Thumb Code    18  stm32f10x_usart.o(.text)
    USART_SetAddress                         0x08006b6b   Thumb Code    18  stm32f10x_usart.o(.text)
    USART_WakeUpConfig                       0x08006b7d   Thumb Code    18  stm32f10x_usart.o(.text)
    USART_ReceiverWakeUpCmd                  0x08006b8f   Thumb Code    24  stm32f10x_usart.o(.text)
    USART_LINBreakDetectLengthConfig         0x08006ba7   Thumb Code    18  stm32f10x_usart.o(.text)
    USART_LINCmd                             0x08006bb9   Thumb Code    24  stm32f10x_usart.o(.text)
    USART_SendData                           0x08006bd1   Thumb Code     8  stm32f10x_usart.o(.text)
    USART_ReceiveData                        0x08006bd9   Thumb Code    10  stm32f10x_usart.o(.text)
    USART_SendBreak                          0x08006be3   Thumb Code    10  stm32f10x_usart.o(.text)
    USART_SetGuardTime                       0x08006bed   Thumb Code    16  stm32f10x_usart.o(.text)
    USART_SetPrescaler                       0x08006bfd   Thumb Code    16  stm32f10x_usart.o(.text)
    USART_SmartCardCmd                       0x08006c0d   Thumb Code    24  stm32f10x_usart.o(.text)
    USART_SmartCardNACKCmd                   0x08006c25   Thumb Code    24  stm32f10x_usart.o(.text)
    USART_HalfDuplexCmd                      0x08006c3d   Thumb Code    24  stm32f10x_usart.o(.text)
    USART_OverSampling8Cmd                   0x08006c55   Thumb Code    22  stm32f10x_usart.o(.text)
    USART_OneBitMethodCmd                    0x08006c6b   Thumb Code    24  stm32f10x_usart.o(.text)
    USART_IrDAConfig                         0x08006c83   Thumb Code    18  stm32f10x_usart.o(.text)
    USART_IrDACmd                            0x08006c95   Thumb Code    24  stm32f10x_usart.o(.text)
    USART_GetFlagStatus                      0x08006cad   Thumb Code    26  stm32f10x_usart.o(.text)
    USART_ClearFlag                          0x08006cc7   Thumb Code    18  stm32f10x_usart.o(.text)
    USART_GetITStatus                        0x08006cd9   Thumb Code    84  stm32f10x_usart.o(.text)
    USART_ClearITPendingBit                  0x08006d2d   Thumb Code    52  stm32f10x_usart.o(.text)
    RCC_DeInit                               0x08006d61   Thumb Code    64  stm32f10x_rcc.o(.text)
    RCC_HSEConfig                            0x08006da1   Thumb Code    70  stm32f10x_rcc.o(.text)
    RCC_GetFlagStatus                        0x08006de7   Thumb Code    56  stm32f10x_rcc.o(.text)
    RCC_WaitForHSEStartUp                    0x08006e1f   Thumb Code    56  stm32f10x_rcc.o(.text)
    RCC_AdjustHSICalibrationValue            0x08006e57   Thumb Code    20  stm32f10x_rcc.o(.text)
    RCC_HSICmd                               0x08006e6b   Thumb Code     6  stm32f10x_rcc.o(.text)
    RCC_PLLConfig                            0x08006e71   Thumb Code    24  stm32f10x_rcc.o(.text)
    RCC_PLLCmd                               0x08006e89   Thumb Code     6  stm32f10x_rcc.o(.text)
    RCC_SYSCLKConfig                         0x08006e8f   Thumb Code    18  stm32f10x_rcc.o(.text)
    RCC_GetSYSCLKSource                      0x08006ea1   Thumb Code    10  stm32f10x_rcc.o(.text)
    RCC_HCLKConfig                           0x08006eab   Thumb Code    18  stm32f10x_rcc.o(.text)
    RCC_PCLK1Config                          0x08006ebd   Thumb Code    18  stm32f10x_rcc.o(.text)
    RCC_PCLK2Config                          0x08006ecf   Thumb Code    20  stm32f10x_rcc.o(.text)
    RCC_ITConfig                             0x08006ee3   Thumb Code    26  stm32f10x_rcc.o(.text)
    RCC_USBCLKConfig                         0x08006efd   Thumb Code     8  stm32f10x_rcc.o(.text)
    RCC_ADCCLKConfig                         0x08006f05   Thumb Code    18  stm32f10x_rcc.o(.text)
    RCC_LSEConfig                            0x08006f17   Thumb Code    50  stm32f10x_rcc.o(.text)
    RCC_LSICmd                               0x08006f49   Thumb Code     6  stm32f10x_rcc.o(.text)
    RCC_RTCCLKConfig                         0x08006f4f   Thumb Code    12  stm32f10x_rcc.o(.text)
    RCC_RTCCLKCmd                            0x08006f5b   Thumb Code     8  stm32f10x_rcc.o(.text)
    RCC_GetClocksFreq                        0x08006f63   Thumb Code   192  stm32f10x_rcc.o(.text)
    RCC_AHBPeriphClockCmd                    0x08007023   Thumb Code    26  stm32f10x_rcc.o(.text)
    RCC_APB2PeriphClockCmd                   0x0800703d   Thumb Code    26  stm32f10x_rcc.o(.text)
    RCC_APB1PeriphClockCmd                   0x08007057   Thumb Code    26  stm32f10x_rcc.o(.text)
    RCC_APB2PeriphResetCmd                   0x08007071   Thumb Code    26  stm32f10x_rcc.o(.text)
    RCC_APB1PeriphResetCmd                   0x0800708b   Thumb Code    26  stm32f10x_rcc.o(.text)
    RCC_BackupResetCmd                       0x080070a5   Thumb Code     8  stm32f10x_rcc.o(.text)
    RCC_ClockSecuritySystemCmd               0x080070ad   Thumb Code     6  stm32f10x_rcc.o(.text)
    RCC_MCOConfig                            0x080070b3   Thumb Code     6  stm32f10x_rcc.o(.text)
    RCC_ClearFlag                            0x080070b9   Thumb Code    14  stm32f10x_rcc.o(.text)
    RCC_GetITStatus                          0x080070c7   Thumb Code    20  stm32f10x_rcc.o(.text)
    RCC_ClearITPendingBit                    0x080070db   Thumb Code     6  stm32f10x_rcc.o(.text)
    TIM_DeInit                               0x08007105   Thumb Code   424  stm32f10x_tim.o(.text)
    TIM_TimeBaseInit                         0x080072ad   Thumb Code   122  stm32f10x_tim.o(.text)
    TIM_OC1Init                              0x08007327   Thumb Code   132  stm32f10x_tim.o(.text)
    TIM_OC2Init                              0x080073ab   Thumb Code   154  stm32f10x_tim.o(.text)
    TIM_OC3Init                              0x08007445   Thumb Code   150  stm32f10x_tim.o(.text)
    TIM_OC4Init                              0x080074db   Thumb Code   182  stm32f10x_tim.o(.text)
    TIM_SetIC4Prescaler                      0x08007591   Thumb Code    26  stm32f10x_tim.o(.text)
    TIM_SetIC3Prescaler                      0x0800762d   Thumb Code    18  stm32f10x_tim.o(.text)
    TIM_SetIC2Prescaler                      0x080076b9   Thumb Code    26  stm32f10x_tim.o(.text)
    TIM_SetIC1Prescaler                      0x08007755   Thumb Code    18  stm32f10x_tim.o(.text)
    TIM_ICInit                               0x080077d3   Thumb Code   150  stm32f10x_tim.o(.text)
    TIM_PWMIConfig                           0x08007869   Thumb Code   124  stm32f10x_tim.o(.text)
    TIM_BDTRConfig                           0x080078e5   Thumb Code    32  stm32f10x_tim.o(.text)
    TIM_TimeBaseStructInit                   0x08007905   Thumb Code    18  stm32f10x_tim.o(.text)
    TIM_OCStructInit                         0x08007917   Thumb Code    20  stm32f10x_tim.o(.text)
    TIM_ICStructInit                         0x0800792b   Thumb Code    18  stm32f10x_tim.o(.text)
    TIM_BDTRStructInit                       0x0800793d   Thumb Code    40  stm32f10x_tim.o(.text)
    TIM_Cmd                                  0x08007965   Thumb Code    24  stm32f10x_tim.o(.text)
    TIM_CtrlPWMOutputs                       0x0800797d   Thumb Code    30  stm32f10x_tim.o(.text)
    TIM_ITConfig                             0x0800799b   Thumb Code    18  stm32f10x_tim.o(.text)
    TIM_GenerateEvent                        0x080079ad   Thumb Code     4  stm32f10x_tim.o(.text)
    TIM_DMAConfig                            0x080079b1   Thumb Code    10  stm32f10x_tim.o(.text)
    TIM_DMACmd                               0x080079bb   Thumb Code    18  stm32f10x_tim.o(.text)
    TIM_InternalClockConfig                  0x080079cd   Thumb Code    12  stm32f10x_tim.o(.text)
    TIM_SelectInputTrigger                   0x080079d9   Thumb Code    18  stm32f10x_tim.o(.text)
    TIM_ITRxExternalClockConfig              0x080079eb   Thumb Code    24  stm32f10x_tim.o(.text)
    TIM_TIxExternalClockConfig               0x08007a03   Thumb Code    62  stm32f10x_tim.o(.text)
    TIM_ETRConfig                            0x08007a41   Thumb Code    28  stm32f10x_tim.o(.text)
    TIM_ETRClockMode1Config                  0x08007a5d   Thumb Code    54  stm32f10x_tim.o(.text)
    TIM_ETRClockMode2Config                  0x08007a93   Thumb Code    32  stm32f10x_tim.o(.text)
    TIM_PrescalerConfig                      0x08007ab3   Thumb Code     6  stm32f10x_tim.o(.text)
    TIM_CounterModeConfig                    0x08007ab9   Thumb Code    18  stm32f10x_tim.o(.text)
    TIM_EncoderInterfaceConfig               0x08007acb   Thumb Code    66  stm32f10x_tim.o(.text)
    TIM_ForcedOC1Config                      0x08007b0d   Thumb Code    18  stm32f10x_tim.o(.text)
    TIM_ForcedOC2Config                      0x08007b1f   Thumb Code    26  stm32f10x_tim.o(.text)
    TIM_ForcedOC3Config                      0x08007b39   Thumb Code    18  stm32f10x_tim.o(.text)
    TIM_ForcedOC4Config                      0x08007b4b   Thumb Code    26  stm32f10x_tim.o(.text)
    TIM_ARRPreloadConfig                     0x08007b65   Thumb Code    24  stm32f10x_tim.o(.text)
    TIM_SelectCOM                            0x08007b7d   Thumb Code    24  stm32f10x_tim.o(.text)
    TIM_SelectCCDMA                          0x08007b95   Thumb Code    24  stm32f10x_tim.o(.text)
    TIM_CCPreloadControl                     0x08007bad   Thumb Code    24  stm32f10x_tim.o(.text)
    TIM_OC1PreloadConfig                     0x08007bc5   Thumb Code    18  stm32f10x_tim.o(.text)
    TIM_OC2PreloadConfig                     0x08007bd7   Thumb Code    26  stm32f10x_tim.o(.text)
    TIM_OC3PreloadConfig                     0x08007bf1   Thumb Code    18  stm32f10x_tim.o(.text)
    TIM_OC4PreloadConfig                     0x08007c03   Thumb Code    26  stm32f10x_tim.o(.text)
    TIM_OC1FastConfig                        0x08007c1d   Thumb Code    18  stm32f10x_tim.o(.text)
    TIM_OC2FastConfig                        0x08007c2f   Thumb Code    26  stm32f10x_tim.o(.text)
    TIM_OC3FastConfig                        0x08007c49   Thumb Code    18  stm32f10x_tim.o(.text)
    TIM_OC4FastConfig                        0x08007c5b   Thumb Code    26  stm32f10x_tim.o(.text)
    TIM_ClearOC1Ref                          0x08007c75   Thumb Code    18  stm32f10x_tim.o(.text)
    TIM_ClearOC2Ref                          0x08007c87   Thumb Code    24  stm32f10x_tim.o(.text)
    TIM_ClearOC3Ref                          0x08007c9f   Thumb Code    18  stm32f10x_tim.o(.text)
    TIM_ClearOC4Ref                          0x08007cb1   Thumb Code    24  stm32f10x_tim.o(.text)
    TIM_OC1PolarityConfig                    0x08007cc9   Thumb Code    18  stm32f10x_tim.o(.text)
    TIM_OC1NPolarityConfig                   0x08007cdb   Thumb Code    18  stm32f10x_tim.o(.text)
    TIM_OC2PolarityConfig                    0x08007ced   Thumb Code    26  stm32f10x_tim.o(.text)
    TIM_OC2NPolarityConfig                   0x08007d07   Thumb Code    26  stm32f10x_tim.o(.text)
    TIM_OC3PolarityConfig                    0x08007d21   Thumb Code    26  stm32f10x_tim.o(.text)
    TIM_OC3NPolarityConfig                   0x08007d3b   Thumb Code    26  stm32f10x_tim.o(.text)
    TIM_OC4PolarityConfig                    0x08007d55   Thumb Code    26  stm32f10x_tim.o(.text)
    TIM_CCxCmd                               0x08007d6f   Thumb Code    30  stm32f10x_tim.o(.text)
    TIM_CCxNCmd                              0x08007d8d   Thumb Code    30  stm32f10x_tim.o(.text)
    TIM_SelectOCxM                           0x08007dab   Thumb Code    82  stm32f10x_tim.o(.text)
    TIM_UpdateDisableConfig                  0x08007dfd   Thumb Code    24  stm32f10x_tim.o(.text)
    TIM_UpdateRequestConfig                  0x08007e15   Thumb Code    24  stm32f10x_tim.o(.text)
    TIM_SelectHallSensor                     0x08007e2d   Thumb Code    24  stm32f10x_tim.o(.text)
    TIM_SelectOnePulseMode                   0x08007e45   Thumb Code    18  stm32f10x_tim.o(.text)
    TIM_SelectOutputTrigger                  0x08007e57   Thumb Code    18  stm32f10x_tim.o(.text)
    TIM_SelectSlaveMode                      0x08007e69   Thumb Code    18  stm32f10x_tim.o(.text)
    TIM_SelectMasterSlaveMode                0x08007e7b   Thumb Code    18  stm32f10x_tim.o(.text)
    TIM_SetCounter                           0x08007e8d   Thumb Code     4  stm32f10x_tim.o(.text)
    TIM_SetAutoreload                        0x08007e91   Thumb Code     4  stm32f10x_tim.o(.text)
    TIM_SetCompare1                          0x08007e95   Thumb Code     4  stm32f10x_tim.o(.text)
    TIM_SetCompare2                          0x08007e99   Thumb Code     4  stm32f10x_tim.o(.text)
    TIM_SetCompare3                          0x08007e9d   Thumb Code     4  stm32f10x_tim.o(.text)
    TIM_SetCompare4                          0x08007ea1   Thumb Code     6  stm32f10x_tim.o(.text)
    TIM_SetClockDivision                     0x08007ea7   Thumb Code    18  stm32f10x_tim.o(.text)
    TIM_GetCapture1                          0x08007eb9   Thumb Code     6  stm32f10x_tim.o(.text)
    TIM_GetCapture2                          0x08007ebf   Thumb Code     6  stm32f10x_tim.o(.text)
    TIM_GetCapture3                          0x08007ec5   Thumb Code     6  stm32f10x_tim.o(.text)
    TIM_GetCapture4                          0x08007ecb   Thumb Code     8  stm32f10x_tim.o(.text)
    TIM_GetCounter                           0x08007ed3   Thumb Code     6  stm32f10x_tim.o(.text)
    TIM_GetPrescaler                         0x08007ed9   Thumb Code     6  stm32f10x_tim.o(.text)
    TIM_GetFlagStatus                        0x08007edf   Thumb Code    18  stm32f10x_tim.o(.text)
    TIM_ClearFlag                            0x08007ef1   Thumb Code     6  stm32f10x_tim.o(.text)
    TIM_GetITStatus                          0x08007ef7   Thumb Code    34  stm32f10x_tim.o(.text)
    TIM_ClearITPendingBit                    0x08007f19   Thumb Code     6  stm32f10x_tim.o(.text)
    CAN_DeInit                               0x08007f21   Thumb Code    50  stm32f10x_can.o(.text)
    CAN_Init                                 0x08007f53   Thumb Code   276  stm32f10x_can.o(.text)
    CAN_FilterInit                           0x08008067   Thumb Code   258  stm32f10x_can.o(.text)
    CAN_StructInit                           0x08008169   Thumb Code    32  stm32f10x_can.o(.text)
    CAN_SlaveStartBank                       0x08008189   Thumb Code    48  stm32f10x_can.o(.text)
    CAN_DBGFreeze                            0x080081b9   Thumb Code    22  stm32f10x_can.o(.text)
    CAN_TTComModeCmd                         0x080081cf   Thumb Code   118  stm32f10x_can.o(.text)
    CAN_Transmit                             0x08008245   Thumb Code   304  stm32f10x_can.o(.text)
    CAN_TransmitStatus                       0x08008375   Thumb Code   138  stm32f10x_can.o(.text)
    CAN_CancelTransmit                       0x080083ff   Thumb Code    48  stm32f10x_can.o(.text)
    CAN_Receive                              0x0800842f   Thumb Code   240  stm32f10x_can.o(.text)
    CAN_FIFORelease                          0x0800851f   Thumb Code    22  stm32f10x_can.o(.text)
    CAN_MessagePending                       0x08008535   Thumb Code    30  stm32f10x_can.o(.text)
    CAN_OperatingModeRequest                 0x08008553   Thumb Code   162  stm32f10x_can.o(.text)
    CAN_Sleep                                0x080085f5   Thumb Code    30  stm32f10x_can.o(.text)
    CAN_WakeUp                               0x08008613   Thumb Code    48  stm32f10x_can.o(.text)
    CAN_GetLastErrorCode                     0x08008643   Thumb Code    12  stm32f10x_can.o(.text)
    CAN_GetReceiveErrorCounter               0x0800864f   Thumb Code    10  stm32f10x_can.o(.text)
    CAN_GetLSBTransmitErrorCounter           0x08008659   Thumb Code    12  stm32f10x_can.o(.text)
    CAN_ITConfig                             0x08008665   Thumb Code    18  stm32f10x_can.o(.text)
    CAN_GetFlagStatus                        0x08008677   Thumb Code   120  stm32f10x_can.o(.text)
    CAN_ClearFlag                            0x080086ef   Thumb Code    52  stm32f10x_can.o(.text)
    CAN_GetITStatus                          0x08008735   Thumb Code   310  stm32f10x_can.o(.text)
    CAN_ClearITPendingBit                    0x0800886b   Thumb Code   162  stm32f10x_can.o(.text)
    IWDG_WriteAccessCmd                      0x08008911   Thumb Code     6  stm32f10x_iwdg.o(.text)
    IWDG_SetPrescaler                        0x08008917   Thumb Code     6  stm32f10x_iwdg.o(.text)
    IWDG_SetReload                           0x0800891d   Thumb Code     6  stm32f10x_iwdg.o(.text)
    IWDG_ReloadCounter                       0x08008923   Thumb Code    10  stm32f10x_iwdg.o(.text)
    IWDG_Enable                              0x0800892d   Thumb Code    10  stm32f10x_iwdg.o(.text)
    IWDG_GetFlagStatus                       0x08008937   Thumb Code    20  stm32f10x_iwdg.o(.text)
    getAbEncoderVaule                        0x08008951   Thumb Code   552  encoder.o(.text)
    setHubMotorEnable                        0x08008b99   Thumb Code   120  hubmotor.o(.text)
    setHubMotorMode                          0x08008c11   Thumb Code   120  hubmotor.o(.text)
    setHubMotorPlusSubSpeed                  0x08008c89   Thumb Code   120  hubmotor.o(.text)
    setHubMotorPositionMaxSpeed              0x08008d01   Thumb Code   166  hubmotor.o(.text)
    setHubMotorPositionModeControlWord       0x08008da7   Thumb Code   120  hubmotor.o(.text)
    getHubMotorNowPosition                   0x08008e1f   Thumb Code     2  hubmotor.o(.text)
    setHubMotorTargetPosition                0x08008e21   Thumb Code     2  hubmotor.o(.text)
    setHubMotorTargetSpeed                   0x08008e23   Thumb Code   168  hubmotor.o(.text)
    setHubMotorLength                        0x08008ecb   Thumb Code   168  hubmotor.o(.text)
    hubMotorSpeed                            0x08008f73   Thumb Code   160  hubmotor.o(.text)
    hubMotorPul                              0x08009013   Thumb Code   270  hubmotor.o(.text)
    setHubMotorLengthAndSpeed                0x08009121   Thumb Code     2  hubmotor.o(.text)
    setSteeringServoMotoCtrlSign             0x08009129   Thumb Code    92  steeringmotor.o(.text)
    setSteeringServoMode                     0x08009185   Thumb Code   202  steeringmotor.o(.text)
    setSteeringServoControlEnable            0x0800924f   Thumb Code    80  steeringmotor.o(.text)
    steeringSpeed                            0x0800929f   Thumb Code   142  steeringmotor.o(.text)
    steeringRation                           0x0800932d   Thumb Code   210  steeringmotor.o(.text)
    setSteeringServoZero                     0x080093ff   Thumb Code     2  steeringmotor.o(.text)
    setSteeringServoNowZero                  0x08009401   Thumb Code    42  steeringmotor.o(.text)
    setSteeringServoRotation                 0x0800942b   Thumb Code   294  steeringmotor.o(.text)
    setSteeringServoMaxSpeed                 0x08009551   Thumb Code    52  steeringmotor.o(.text)
    setSteeringServoSpeed                    0x08009585   Thumb Code    82  steeringmotor.o(.text)
    returnToZero                             0x080095d7   Thumb Code  1496  steeringmotor.o(.text)
    setSteeringRotationAndSpeed              0x08009baf   Thumb Code   618  steeringmotor.o(.text)
    LCDShowInit                              0x08009e1d   Thumb Code   460  init.o(.text)
    hardwareInit                             0x08009fe9   Thumb Code   114  init.o(.text)
    steeringServoInit                        0x0800a05b   Thumb Code   176  init.o(.text)
    hubMotorInit                             0x0800a10b   Thumb Code   158  init.o(.text)
    xianwei                                  0x0800a399   Thumb Code   482  xianwei.o(.text)
    ZLAC706Data_deal                         0x0800a5b5   Thumb Code    94  dealdate.o(.text)
    ZWSKData_deal                            0x0800a613   Thumb Code    98  dealdate.o(.text)
    CAN_DATA_Receive                         0x0800a675   Thumb Code   166  dealdate.o(.text)
    showState                                0x0800a71b   Thumb Code  1008  dealdate.o(.text)
    stop                                     0x0800ab11   Thumb Code    68  control.o(.text)
    sendSteeringControlCMD                   0x0800ab55   Thumb Code    50  control.o(.text)
    sendHubControlCMD                        0x0800ab87   Thumb Code   352  control.o(.text)
    sendDriverCAN                            0x0800ace7   Thumb Code   282  control.o(.text)
    InSituRotation                           0x0800ae49   Thumb Code  1502  rotationcontrol.o(.text)
    Normal_Control_Task                      0x0800b445   Thumb Code   630  workstate.o(.text)
    Zeroing_Task                             0x0800b6bb   Thumb Code    30  workstate.o(.text)
    InSituRo_Control_Task                    0x0800b6d9   Thumb Code   164  workstate.o(.text)
    InSituRoing_Task                         0x0800b77d   Thumb Code    36  workstate.o(.text)
    Stop_Task                                0x0800b7a1   Thumb Code     2  workstate.o(.text)
    Speed_Postion_Control_Task               0x0800b7a3   Thumb Code   594  workstate.o(.text)
    action                                   0x0800ba11   Thumb Code   790  action.o(.text)
    setDir                                   0x0800bd81   Thumb Code   136  timer_hub.o(.text)
    HUB_PIN_Init                             0x0800be09   Thumb Code   474  timer_hub.o(.text)
    enableHub                                0x0800bfe3   Thumb Code    74  timer_hub.o(.text)
    disableHub                               0x0800c02d   Thumb Code    74  timer_hub.o(.text)
    setCyc                                   0x0800c077   Thumb Code   134  timer_hub.o(.text)
    EMB                                      0x0800c0fd   Thumb Code   178  timer_hub.o(.text)
    CRC16Check                               0x0800c1af   Thumb Code    62  crc.o(.text)
    __use_no_semihosting                     0x0800c1ed   Thumb Code     2  use_no_semi_2.o(.text)
    __2printf                                0x0800c1f1   Thumb Code    20  noretval__2printf.o(.text)
    __printf                                 0x0800c209   Thumb Code   104  __printf.o(.text)
    _printf_int_dec                          0x0800c271   Thumb Code   104  _printf_dec.o(.text)
    _printf_int_hex                          0x0800c2e9   Thumb Code    84  _printf_hex_int.o(.text)
    _printf_longlong_hex                     0x0800c2e9   Thumb Code     0  _printf_hex_int.o(.text)
    __use_two_region_memory                  0x0800c341   Thumb Code     2  heapauxi.o(.text)
    __rt_heap_escrow$2region                 0x0800c343   Thumb Code     2  heapauxi.o(.text)
    __rt_heap_expand$2region                 0x0800c345   Thumb Code     2  heapauxi.o(.text)
    __I$use$semihosting                      0x0800c347   Thumb Code     0  use_no_semi.o(.text)
    __use_no_semihosting_swi                 0x0800c347   Thumb Code     2  use_no_semi.o(.text)
    __read_errno                             0x0800c349   Thumb Code    10  _rserrno.o(.text)
    __set_errno                              0x0800c353   Thumb Code    12  _rserrno.o(.text)
    _printf_int_common                       0x0800c35f   Thumb Code   178  _printf_intcommon.o(.text)
    __lib_sel_fp_printf                      0x0800c411   Thumb Code     2  _printf_fp_dec.o(.text)
    _printf_fp_dec_real                      0x0800c5bf   Thumb Code   620  _printf_fp_dec.o(.text)
    _printf_char_file                        0x0800c82d   Thumb Code    32  _printf_char_file.o(.text)
    __rt_locale                              0x0800c851   Thumb Code     8  rt_locale_intlibspace.o(.text)
    __aeabi_errno_addr                       0x0800c859   Thumb Code     8  rt_errno_addr_intlibspace.o(.text)
    __errno$intlibspace                      0x0800c859   Thumb Code     0  rt_errno_addr_intlibspace.o(.text)
    __rt_errno_addr$intlibspace              0x0800c859   Thumb Code     0  rt_errno_addr_intlibspace.o(.text)
    _ll_udiv10                               0x0800c861   Thumb Code   138  lludiv10.o(.text)
    _printf_char_common                      0x0800c8f7   Thumb Code    32  _printf_char_common.o(.text)
    _printf_fp_infnan                        0x0800c91d   Thumb Code   112  _printf_fp_infnan.o(.text)
    _btod_etento                             0x0800c99d   Thumb Code   216  bigflt0.o(.text)
    ferror                                   0x0800ca79   Thumb Code     8  ferror.o(.text)
    __user_libspace                          0x0800ca81   Thumb Code     8  libspace.o(.text)
    __user_perproc_libspace                  0x0800ca81   Thumb Code     0  libspace.o(.text)
    __user_perthread_libspace                0x0800ca81   Thumb Code     0  libspace.o(.text)
    __user_setup_stackheap                   0x0800ca89   Thumb Code    74  sys_stackheap_outer.o(.text)
    exit                                     0x0800cad3   Thumb Code    12  exit.o(.text)
    strcmp                                   0x0800cae1   Thumb Code   128  strcmpv7m.o(.text)
    _btod_d2e                                0x0800cb61   Thumb Code    62  btod.o(CL$$btod_d2e)
    _d2e_denorm_low                          0x0800cb9f   Thumb Code    70  btod.o(CL$$btod_d2e_denorm_low)
    _d2e_norm_op1                            0x0800cbe5   Thumb Code    96  btod.o(CL$$btod_d2e_norm_op1)
    __btod_div_common                        0x0800cc45   Thumb Code   696  btod.o(CL$$btod_div_common)
    _e2e                                     0x0800cf7d   Thumb Code   198  btod.o(CL$$btod_e2e)
    _btod_ediv                               0x0800d043   Thumb Code    40  btod.o(CL$$btod_ediv)
    _btod_emul                               0x0800d06b   Thumb Code    40  btod.o(CL$$btod_emul)
    __btod_mult_common                       0x0800d093   Thumb Code   580  btod.o(CL$$btod_mult_common)
    __ARM_fpclassify                         0x0800d2d7   Thumb Code    40  fpclassify.o(i.__ARM_fpclassify)
    __ieee754_rem_pio2                       0x0800d301   Thumb Code   828  rred.o(i.__ieee754_rem_pio2)
    __kernel_cos                             0x0800d689   Thumb Code   230  cos_i.o(i.__kernel_cos)
    __kernel_poly                            0x0800d785   Thumb Code   170  poly.o(i.__kernel_poly)
    __kernel_sin                             0x0800d831   Thumb Code   224  sin_i.o(i.__kernel_sin)
    __kernel_tan                             0x0800d91d   Thumb Code   586  tan_i.o(i.__kernel_tan)
    __mathlib_dbl_infnan                     0x0800db99   Thumb Code     6  dunder.o(i.__mathlib_dbl_infnan)
    __mathlib_dbl_infnan2                    0x0800db9f   Thumb Code     4  dunder.o(i.__mathlib_dbl_infnan2)
    __mathlib_dbl_invalid                    0x0800dba3   Thumb Code    12  dunder.o(i.__mathlib_dbl_invalid)
    __mathlib_dbl_underflow                  0x0800dbb1   Thumb Code    10  dunder.o(i.__mathlib_dbl_underflow)
    atan                                     0x0800dbc1   Thumb Code   474  atan.o(i.atan)
    atan2                                    0x0800dde1   Thumb Code   346  atan2.o(i.atan2)
    sin                                      0x0800df61   Thumb Code   150  sin.o(i.sin)
    tan                                      0x0800e001   Thumb Code    90  tan.o(i.tan)
    _get_lc_numeric                          0x0800e065   Thumb Code    44  lc_numeric_c.o(locale$$code)
    __aeabi_dadd                             0x0800e091   Thumb Code     0  daddsub_clz.o(x$fpl$dadd)
    _dadd                                    0x0800e091   Thumb Code   332  daddsub_clz.o(x$fpl$dadd)
    __fpl_dcheck_NaN1                        0x0800e1e1   Thumb Code    10  dcheck1.o(x$fpl$dcheck1)
    __fpl_dcmp_Inf                           0x0800e1f1   Thumb Code    24  dcmpi.o(x$fpl$dcmpinf)
    __aeabi_ddiv                             0x0800e209   Thumb Code     0  ddiv.o(x$fpl$ddiv)
    _ddiv                                    0x0800e209   Thumb Code   552  ddiv.o(x$fpl$ddiv)
    __aeabi_cdcmpeq                          0x0800e4b9   Thumb Code     0  deqf.o(x$fpl$deqf)
    _dcmpeq                                  0x0800e4b9   Thumb Code   120  deqf.o(x$fpl$deqf)
    __aeabi_d2iz                             0x0800e531   Thumb Code     0  dfix.o(x$fpl$dfix)
    _dfix                                    0x0800e531   Thumb Code    94  dfix.o(x$fpl$dfix)
    __aeabi_d2uiz                            0x0800e591   Thumb Code     0  dfixu.o(x$fpl$dfixu)
    _dfixu                                   0x0800e591   Thumb Code    90  dfixu.o(x$fpl$dfixu)
    __aeabi_i2d                              0x0800e5eb   Thumb Code     0  dflt_clz.o(x$fpl$dflt)
    _dflt                                    0x0800e5eb   Thumb Code    46  dflt_clz.o(x$fpl$dflt)
    __aeabi_ui2d                             0x0800e619   Thumb Code     0  dflt_clz.o(x$fpl$dfltu)
    _dfltu                                   0x0800e619   Thumb Code    38  dflt_clz.o(x$fpl$dfltu)
    __aeabi_cdcmple                          0x0800e641   Thumb Code     0  dleqf.o(x$fpl$dleqf)
    _dcmple                                  0x0800e641   Thumb Code   120  dleqf.o(x$fpl$dleqf)
    __fpl_dcmple_InfNaN                      0x0800e6a3   Thumb Code     0  dleqf.o(x$fpl$dleqf)
    __aeabi_dmul                             0x0800e6b9   Thumb Code     0  dmul.o(x$fpl$dmul)
    _dmul                                    0x0800e6b9   Thumb Code   332  dmul.o(x$fpl$dmul)
    __fpl_dnaninf                            0x0800e80d   Thumb Code   156  dnaninf.o(x$fpl$dnaninf)
    __fpl_dretinf                            0x0800e8a9   Thumb Code    12  dretinf.o(x$fpl$dretinf)
    __aeabi_cdrcmple                         0x0800e8b5   Thumb Code     0  drleqf.o(x$fpl$drleqf)
    _drcmple                                 0x0800e8b5   Thumb Code   108  drleqf.o(x$fpl$drleqf)
    __aeabi_drsub                            0x0800e921   Thumb Code     0  daddsub_clz.o(x$fpl$drsb)
    _drsb                                    0x0800e921   Thumb Code    22  daddsub_clz.o(x$fpl$drsb)
    __aeabi_dsub                             0x0800e939   Thumb Code     0  daddsub_clz.o(x$fpl$dsub)
    _dsub                                    0x0800e939   Thumb Code   464  daddsub_clz.o(x$fpl$dsub)
    _printf_fp_dec                           0x0800eb0d   Thumb Code     4  printf1.o(x$fpl$printf1)
    __fpl_return_NaN                         0x0800eb11   Thumb Code   100  retnan.o(x$fpl$retnan)
    __ARM_scalbn                             0x0800eb75   Thumb Code    92  scalbn.o(x$fpl$scalbn)
    __fpl_cmpreturn                          0x0800ebd1   Thumb Code    48  trapv.o(x$fpl$trapveneer)
    __I$use$fp                               0x0800ec00   Number         0  usenofp.o(x$fpl$usenofp)
    asc2_1206                                0x0800ec00   Data        1140  lcd.o(.constdata)
    asc2_1608                                0x0800f074   Data        1520  lcd.o(.constdata)
    asc2_2412                                0x0800f664   Data        3420  lcd.o(.constdata)
    __mathlib_zero                           0x08010508   Data           8  qnan.o(.constdata)
    Region$$Table$$Base                      0x08010768   Number         0  anon$$obj.o(Region$$Table)
    Region$$Table$$Limit                     0x08010788   Number         0  anon$$obj.o(Region$$Table)
    SystemCoreClock                          0x20000000   Data           4  system_stm32f10x.o(.data)
    AHBPrescTable                            0x20000004   Data          16  system_stm32f10x.o(.data)
    workState                                0x20000014   Data           1  main.o(.data)
    CarState                                 0x20000015   Data          16  main.o(.data)
    EncoderState                             0x20000028   Data           4  main.o(.data)
    zeroState                                0x2000002c   Data           4  main.o(.data)
    spstate                                  0x20000030   Data           4  main.o(.data)
    steering_speed                           0x20000034   Data           4  main.o(.data)
    hubmotor_speed                           0x20000038   Data           4  main.o(.data)
    hubmotor_speed_1                         0x2000003c   Data           4  main.o(.data)
    hubmotor_speed_2                         0x20000040   Data           4  main.o(.data)
    hubmotor_speed_3                         0x20000044   Data           4  main.o(.data)
    hubmotor_speed_4                         0x20000048   Data           4  main.o(.data)
    plussubSpeedVaule                        0x2000004c   Data           4  main.o(.data)
    key                                      0x20000050   Data           2  main.o(.data)
    InSituRotation_Flag                      0x20000054   Data           4  main.o(.data)
    returnToZero_Flag                        0x20000058   Data           4  main.o(.data)
    sendSteeringControlCMD_Flag              0x2000005c   Data           4  main.o(.data)
    sendHubControlCMD_Flag                   0x20000060   Data           4  main.o(.data)
    turnFlag                                 0x20000064   Data           1  main.o(.data)
    steering_Max_Speed_1                     0x20000068   Data           4  main.o(.data)
    steering_Max_Speed_2                     0x2000006c   Data           4  main.o(.data)
    steering_Max_Speed_3                     0x20000070   Data           4  main.o(.data)
    steering_Max_Speed_4                     0x20000074   Data           4  main.o(.data)
    hub_5_temp                               0x20000078   Data           2  main.o(.data)
    hub_6_temp                               0x2000007a   Data           2  main.o(.data)
    hub_7_temp                               0x2000007c   Data           2  main.o(.data)
    hub_8_temp                               0x2000007e   Data           2  main.o(.data)
    hub_5_                                   0x20000080   Data           2  main.o(.data)
    hub_6_                                   0x20000082   Data           2  main.o(.data)
    hub_7_                                   0x20000084   Data           2  main.o(.data)
    hub_8_                                   0x20000086   Data           2  main.o(.data)
    zero                                     0x20000088   Data           2  main.o(.data)
    POINT_COLOR                              0x2000008a   Data           2  lcd.o(.data)
    BACK_COLOR                               0x2000008c   Data           2  lcd.o(.data)
    RS485_RX_CNT                             0x2000008e   Data           1  rs485.o(.data)
    cnt                                      0x20000090   Data           4  timer.o(.data)
    Handkey                                  0x20000094   Data           2  pstwo.o(.data)
    Comd                                     0x20000096   Data           2  pstwo.o(.data)
    MASK                                     0x20000098   Data          32  pstwo.o(.data)
    __stdout                                 0x200000bc   Data           4  usart.o(.data)
    USART_RX_STA                             0x200000c0   Data           2  usart.o(.data)
    sendFlag                                 0x200000d6   Data           1  encoder.o(.data)
    encode1_value                            0x200000d8   Data           2  xianwei.o(.data)
    encode2_value                            0x200000da   Data           2  xianwei.o(.data)
    encode3_value                            0x200000dc   Data           2  xianwei.o(.data)
    encode4_value                            0x200000de   Data           2  xianwei.o(.data)
    left_flag1                               0x200000e0   Data           4  xianwei.o(.data)
    left_flag2                               0x200000e4   Data           4  xianwei.o(.data)
    left_flag3                               0x200000e8   Data           4  xianwei.o(.data)
    left_flag4                               0x200000ec   Data           4  xianwei.o(.data)
    right_flag1                              0x200000f0   Data           4  xianwei.o(.data)
    right_flag2                              0x200000f4   Data           4  xianwei.o(.data)
    right_flag3                              0x200000f8   Data           4  xianwei.o(.data)
    right_flag4                              0x200000fc   Data           4  xianwei.o(.data)
    Count                                    0x20000100   Data           4  workstate.o(.data)
    hubCount                                 0x20000104   Data           4  workstate.o(.data)
    angle_                                   0x20000108   Data           8  action.o(.data)
    angle1                                   0x20000110   Data           8  action.o(.data)
    angle2                                   0x20000118   Data           8  action.o(.data)
    angle3                                   0x20000120   Data           8  action.o(.data)
    angle4                                   0x20000128   Data           8  action.o(.data)
    angle1_rad                               0x20000130   Data           8  action.o(.data)
    angle2_rad                               0x20000138   Data           8  action.o(.data)
    angle3_rad                               0x20000140   Data           8  action.o(.data)
    angle4_rad                               0x20000148   Data           8  action.o(.data)
    x1                                       0x20000150   Data           8  action.o(.data)
    x2                                       0x20000158   Data           8  action.o(.data)
    R1                                       0x20000160   Data           8  action.o(.data)
    R2                                       0x20000168   Data           8  action.o(.data)
    R3                                       0x20000170   Data           8  action.o(.data)
    R4                                       0x20000178   Data           8  action.o(.data)
    lcddev                                   0x20000180   Data          14  lcd.o(.bss)
    RS485_RX_BUF                             0x2000018e   Data          64  rs485.o(.bss)
    Data                                     0x200001ce   Data           9  pstwo.o(.bss)
    USART_RX_BUF                             0x200001d7   Data         200  usart.o(.bss)
    canbuf_hub                               0x2000029f   Data          32  hubmotor.o(.bss)
    canbuf_Steering                          0x200002bf   Data          32  steeringmotor.o(.bss)
    ZLAC706                                  0x200002e0   Data          48  dealdate.o(.bss)
    ZWSK                                     0x20000310   Data          48  dealdate.o(.bss)
    __libspace_start                         0x20000340   Data          96  libspace.o(.bss)
    __temporary_stack_top$libspace           0x200003a0   Data           0  libspace.o(.bss)



==============================================================================

Memory Map of the image

  Image Entry point : 0x08000131

  Load Region LR_IROM1 (Base: 0x08000000, Size: 0x00010924, Max: 0x00080000, ABSOLUTE, COMPRESSED[0x000107ec])

    Execution Region ER_IROM1 (Base: 0x08000000, Size: 0x000107a4, Max: 0x00080000, ABSOLUTE)

    Base Addr    Size         Type   Attr      Idx    E Section Name        Object

    0x08000000   0x00000130   Data   RO          501    RESET               startup_stm32f10x_hd.o
    0x08000130   0x00000008   Code   RO          871  * !!!main             c_w.l(__main.o)
    0x08000138   0x00000034   Code   RO         1212    !!!scatter          c_w.l(__scatter.o)
    0x0800016c   0x0000005a   Code   RO         1210    !!dczerorl2         c_w.l(__dczerorl2.o)
    0x080001c6   0x00000002   PAD
    0x080001c8   0x0000001c   Code   RO         1214    !!handler_zi        c_w.l(__scatter_zi.o)
    0x080001e4   0x00000000   Code   RO          868    .ARM.Collect$$_printf_percent$$00000000  c_w.l(_printf_percent.o)
    0x080001e4   0x00000006   Code   RO          867    .ARM.Collect$$_printf_percent$$00000003  c_w.l(_printf_f.o)
    0x080001ea   0x00000006   Code   RO          866    .ARM.Collect$$_printf_percent$$00000009  c_w.l(_printf_d.o)
    0x080001f0   0x00000006   Code   RO          865    .ARM.Collect$$_printf_percent$$0000000C  c_w.l(_printf_x.o)
    0x080001f6   0x00000004   Code   RO          942    .ARM.Collect$$_printf_percent$$00000017  c_w.l(_printf_percent_end.o)
    0x080001fa   0x00000002   Code   RO         1082    .ARM.Collect$$libinit$$00000000  c_w.l(libinit.o)
    0x080001fc   0x00000000   Code   RO         1084    .ARM.Collect$$libinit$$00000002  c_w.l(libinit2.o)
    0x080001fc   0x00000000   Code   RO         1086    .ARM.Collect$$libinit$$00000004  c_w.l(libinit2.o)
    0x080001fc   0x00000000   Code   RO         1089    .ARM.Collect$$libinit$$0000000A  c_w.l(libinit2.o)
    0x080001fc   0x00000000   Code   RO         1091    .ARM.Collect$$libinit$$0000000C  c_w.l(libinit2.o)
    0x080001fc   0x00000000   Code   RO         1093    .ARM.Collect$$libinit$$0000000E  c_w.l(libinit2.o)
    0x080001fc   0x00000006   Code   RO         1094    .ARM.Collect$$libinit$$0000000F  c_w.l(libinit2.o)
    0x08000202   0x00000000   Code   RO         1096    .ARM.Collect$$libinit$$00000011  c_w.l(libinit2.o)
    0x08000202   0x00000000   Code   RO         1098    .ARM.Collect$$libinit$$00000013  c_w.l(libinit2.o)
    0x08000202   0x00000000   Code   RO         1100    .ARM.Collect$$libinit$$00000015  c_w.l(libinit2.o)
    0x08000202   0x0000000a   Code   RO         1101    .ARM.Collect$$libinit$$00000016  c_w.l(libinit2.o)
    0x0800020c   0x00000000   Code   RO         1102    .ARM.Collect$$libinit$$00000017  c_w.l(libinit2.o)
    0x0800020c   0x00000000   Code   RO         1104    .ARM.Collect$$libinit$$00000019  c_w.l(libinit2.o)
    0x0800020c   0x00000000   Code   RO         1106    .ARM.Collect$$libinit$$0000001B  c_w.l(libinit2.o)
    0x0800020c   0x00000000   Code   RO         1108    .ARM.Collect$$libinit$$0000001D  c_w.l(libinit2.o)
    0x0800020c   0x00000000   Code   RO         1110    .ARM.Collect$$libinit$$0000001F  c_w.l(libinit2.o)
    0x0800020c   0x00000000   Code   RO         1112    .ARM.Collect$$libinit$$00000021  c_w.l(libinit2.o)
    0x0800020c   0x00000000   Code   RO         1114    .ARM.Collect$$libinit$$00000023  c_w.l(libinit2.o)
    0x0800020c   0x00000000   Code   RO         1116    .ARM.Collect$$libinit$$00000025  c_w.l(libinit2.o)
    0x0800020c   0x00000000   Code   RO         1120    .ARM.Collect$$libinit$$0000002C  c_w.l(libinit2.o)
    0x0800020c   0x00000000   Code   RO         1122    .ARM.Collect$$libinit$$0000002E  c_w.l(libinit2.o)
    0x0800020c   0x00000000   Code   RO         1124    .ARM.Collect$$libinit$$00000030  c_w.l(libinit2.o)
    0x0800020c   0x00000000   Code   RO         1126    .ARM.Collect$$libinit$$00000032  c_w.l(libinit2.o)
    0x0800020c   0x00000002   Code   RO         1127    .ARM.Collect$$libinit$$00000033  c_w.l(libinit2.o)
    0x0800020e   0x00000002   Code   RO         1161    .ARM.Collect$$libshutdown$$00000000  c_w.l(libshutdown.o)
    0x08000210   0x00000000   Code   RO         1171    .ARM.Collect$$libshutdown$$00000003  c_w.l(libshutdown2.o)
    0x08000210   0x00000000   Code   RO         1174    .ARM.Collect$$libshutdown$$00000006  c_w.l(libshutdown2.o)
    0x08000210   0x00000000   Code   RO         1177    .ARM.Collect$$libshutdown$$00000009  c_w.l(libshutdown2.o)
    0x08000210   0x00000000   Code   RO         1179    .ARM.Collect$$libshutdown$$0000000B  c_w.l(libshutdown2.o)
    0x08000210   0x00000000   Code   RO         1182    .ARM.Collect$$libshutdown$$0000000E  c_w.l(libshutdown2.o)
    0x08000210   0x00000002   Code   RO         1183    .ARM.Collect$$libshutdown$$0000000F  c_w.l(libshutdown2.o)
    0x08000212   0x00000000   Code   RO          933    .ARM.Collect$$rtentry$$00000000  c_w.l(__rtentry.o)
    0x08000212   0x00000000   Code   RO          996    .ARM.Collect$$rtentry$$00000002  c_w.l(__rtentry2.o)
    0x08000212   0x00000006   Code   RO         1008    .ARM.Collect$$rtentry$$00000004  c_w.l(__rtentry4.o)
    0x08000218   0x00000000   Code   RO          998    .ARM.Collect$$rtentry$$00000009  c_w.l(__rtentry2.o)
    0x08000218   0x00000004   Code   RO          999    .ARM.Collect$$rtentry$$0000000A  c_w.l(__rtentry2.o)
    0x0800021c   0x00000000   Code   RO         1001    .ARM.Collect$$rtentry$$0000000C  c_w.l(__rtentry2.o)
    0x0800021c   0x00000008   Code   RO         1002    .ARM.Collect$$rtentry$$0000000D  c_w.l(__rtentry2.o)
    0x08000224   0x00000002   Code   RO         1130    .ARM.Collect$$rtexit$$00000000  c_w.l(rtexit.o)
    0x08000226   0x00000000   Code   RO         1139    .ARM.Collect$$rtexit$$00000002  c_w.l(rtexit2.o)
    0x08000226   0x00000004   Code   RO         1140    .ARM.Collect$$rtexit$$00000003  c_w.l(rtexit2.o)
    0x0800022a   0x00000006   Code   RO         1141    .ARM.Collect$$rtexit$$00000004  c_w.l(rtexit2.o)
    0x08000230   0x0000001a   Code   RO            1    .text               stm32f10x_it.o
    0x0800024a   0x00000002   PAD
    0x0800024c   0x000001e0   Code   RO          104    .text               system_stm32f10x.o
    0x0800042c   0x00000108   Code   RO          122    .text               main.o
    0x08000534   0x00004a5c   Code   RO          295    .text               lcd.o
    0x08004f90   0x0000019c   Code   RO          346    .text               rs485.o
    0x0800512c   0x0000055c   Code   RO          365    .text               timer.o
    0x08005688   0x000001b8   Code   RO          380    .text               can.o
    0x08005840   0x0000041c   Code   RO          392    .text               pstwo.o
    0x08005c5c   0x0000002c   Code   RO          411    .text               wdg.o
    0x08005c88   0x00000038   Code   RO          423    .text               beep.o
    0x08005cc0   0x000000d4   Code   RO          435    .text               delay.o
    0x08005d94   0x00000140   Code   RO          466    .text               usart.o
    0x08005ed4   0x00000040   Code   RO          502    .text               startup_stm32f10x_hd.o
    0x08005f14   0x000000dc   Code   RO          506    .text               misc.o
    0x08005ff0   0x0000060c   Code   RO          530    .text               stm32f10x_fsmc.o
    0x080065fc   0x0000035c   Code   RO          542    .text               stm32f10x_gpio.o
    0x08006958   0x00000408   Code   RO          554    .text               stm32f10x_usart.o
    0x08006d60   0x000003a4   Code   RO          566    .text               stm32f10x_rcc.o
    0x08007104   0x00000e1a   Code   RO          580    .text               stm32f10x_tim.o
    0x08007f1e   0x00000002   PAD
    0x08007f20   0x000009f0   Code   RO          592    .text               stm32f10x_can.o
    0x08008910   0x00000040   Code   RO          604    .text               stm32f10x_iwdg.o
    0x08008950   0x00000248   Code   RO          628    .text               encoder.o
    0x08008b98   0x00000590   Code   RO          644    .text               hubmotor.o
    0x08009128   0x00000cf4   Code   RO          660    .text               steeringmotor.o
    0x08009e1c   0x0000057c   Code   RO          677    .text               init.o
    0x0800a398   0x0000021c   Code   RO          689    .text               xianwei.o
    0x0800a5b4   0x0000055c   Code   RO          709    .text               dealdate.o
    0x0800ab10   0x00000338   Code   RO          730    .text               control.o
    0x0800ae48   0x000005fc   Code   RO          742    .text               rotationcontrol.o
    0x0800b444   0x000005cc   Code   RO          754    .text               workstate.o
    0x0800ba10   0x00000370   Code   RO          769    .text               action.o
    0x0800bd80   0x0000042e   Code   RO          788    .text               timer_hub.o
    0x0800c1ae   0x0000003e   Code   RO          800    .text               crc.o
    0x0800c1ec   0x00000002   Code   RO          814    .text               c_w.l(use_no_semi_2.o)
    0x0800c1ee   0x00000002   PAD
    0x0800c1f0   0x00000018   Code   RO          818    .text               c_w.l(noretval__2printf.o)
    0x0800c208   0x00000068   Code   RO          820    .text               c_w.l(__printf.o)
    0x0800c270   0x00000078   Code   RO          822    .text               c_w.l(_printf_dec.o)
    0x0800c2e8   0x00000058   Code   RO          827    .text               c_w.l(_printf_hex_int.o)
    0x0800c340   0x00000006   Code   RO          869    .text               c_w.l(heapauxi.o)
    0x0800c346   0x00000002   Code   RO          931    .text               c_w.l(use_no_semi.o)
    0x0800c348   0x00000016   Code   RO          934    .text               c_w.l(_rserrno.o)
    0x0800c35e   0x000000b2   Code   RO          936    .text               c_w.l(_printf_intcommon.o)
    0x0800c410   0x0000041a   Code   RO          938    .text               c_w.l(_printf_fp_dec.o)
    0x0800c82a   0x00000002   PAD
    0x0800c82c   0x00000024   Code   RO          940    .text               c_w.l(_printf_char_file.o)
    0x0800c850   0x00000008   Code   RO         1013    .text               c_w.l(rt_locale_intlibspace.o)
    0x0800c858   0x00000008   Code   RO         1018    .text               c_w.l(rt_errno_addr_intlibspace.o)
    0x0800c860   0x0000008a   Code   RO         1020    .text               c_w.l(lludiv10.o)
    0x0800c8ea   0x00000002   PAD
    0x0800c8ec   0x00000030   Code   RO         1022    .text               c_w.l(_printf_char_common.o)
    0x0800c91c   0x00000080   Code   RO         1024    .text               c_w.l(_printf_fp_infnan.o)
    0x0800c99c   0x000000dc   Code   RO         1026    .text               c_w.l(bigflt0.o)
    0x0800ca78   0x00000008   Code   RO         1051    .text               c_w.l(ferror.o)
    0x0800ca80   0x00000008   Code   RO         1066    .text               c_w.l(libspace.o)
    0x0800ca88   0x0000004a   Code   RO         1069    .text               c_w.l(sys_stackheap_outer.o)
    0x0800cad2   0x0000000c   Code   RO         1073    .text               c_w.l(exit.o)
    0x0800cade   0x00000002   PAD
    0x0800cae0   0x00000080   Code   RO         1075    .text               c_w.l(strcmpv7m.o)
    0x0800cb60   0x0000003e   Code   RO         1029    CL$$btod_d2e        c_w.l(btod.o)
    0x0800cb9e   0x00000046   Code   RO         1031    CL$$btod_d2e_denorm_low  c_w.l(btod.o)
    0x0800cbe4   0x00000060   Code   RO         1030    CL$$btod_d2e_norm_op1  c_w.l(btod.o)
    0x0800cc44   0x00000338   Code   RO         1039    CL$$btod_div_common  c_w.l(btod.o)
    0x0800cf7c   0x000000c6   Code   RO         1036    CL$$btod_e2e        c_w.l(btod.o)
    0x0800d042   0x00000028   Code   RO         1033    CL$$btod_ediv       c_w.l(btod.o)
    0x0800d06a   0x00000028   Code   RO         1032    CL$$btod_emul       c_w.l(btod.o)
    0x0800d092   0x00000244   Code   RO         1038    CL$$btod_mult_common  c_w.l(btod.o)
    0x0800d2d6   0x00000028   Code   RO         1062    i.__ARM_fpclassify  m_ws.l(fpclassify.o)
    0x0800d2fe   0x00000002   PAD
    0x0800d300   0x00000388   Code   RO          978    i.__ieee754_rem_pio2  m_ws.l(rred.o)
    0x0800d688   0x000000fc   Code   RO          960    i.__kernel_cos      m_ws.l(cos_i.o)
    0x0800d784   0x000000aa   Code   RO         1064    i.__kernel_poly     m_ws.l(poly.o)
    0x0800d82e   0x00000002   PAD
    0x0800d830   0x000000ec   Code   RO          983    i.__kernel_sin      m_ws.l(sin_i.o)
    0x0800d91c   0x0000027c   Code   RO          989    i.__kernel_tan      m_ws.l(tan_i.o)
    0x0800db98   0x00000006   Code   RO          964    i.__mathlib_dbl_infnan  m_ws.l(dunder.o)
    0x0800db9e   0x00000004   Code   RO          965    i.__mathlib_dbl_infnan2  m_ws.l(dunder.o)
    0x0800dba2   0x0000000c   Code   RO          966    i.__mathlib_dbl_invalid  m_ws.l(dunder.o)
    0x0800dbae   0x00000002   PAD
    0x0800dbb0   0x00000010   Code   RO          969    i.__mathlib_dbl_underflow  m_ws.l(dunder.o)
    0x0800dbc0   0x00000220   Code   RO          951    i.atan              m_ws.l(atan.o)
    0x0800dde0   0x00000180   Code   RO          908    i.atan2             m_ws.l(atan2.o)
    0x0800df60   0x000000a0   Code   RO          916    i.sin               m_ws.l(sin.o)
    0x0800e000   0x00000064   Code   RO          924    i.tan               m_ws.l(tan.o)
    0x0800e064   0x0000002c   Code   RO         1056    locale$$code        c_w.l(lc_numeric_c.o)
    0x0800e090   0x00000150   Code   RO          873    x$fpl$dadd          fz_ws.l(daddsub_clz.o)
    0x0800e1e0   0x00000010   Code   RO         1128    x$fpl$dcheck1       fz_ws.l(dcheck1.o)
    0x0800e1f0   0x00000018   Code   RO          943    x$fpl$dcmpinf       fz_ws.l(dcmpi.o)
    0x0800e208   0x000002b0   Code   RO          880    x$fpl$ddiv          fz_ws.l(ddiv.o)
    0x0800e4b8   0x00000078   Code   RO          883    x$fpl$deqf          fz_ws.l(deqf.o)
    0x0800e530   0x0000005e   Code   RO          885    x$fpl$dfix          fz_ws.l(dfix.o)
    0x0800e58e   0x00000002   PAD
    0x0800e590   0x0000005a   Code   RO          889    x$fpl$dfixu         fz_ws.l(dfixu.o)
    0x0800e5ea   0x0000002e   Code   RO          894    x$fpl$dflt          fz_ws.l(dflt_clz.o)
    0x0800e618   0x00000026   Code   RO          893    x$fpl$dfltu         fz_ws.l(dflt_clz.o)
    0x0800e63e   0x00000002   PAD
    0x0800e640   0x00000078   Code   RO          899    x$fpl$dleqf         fz_ws.l(dleqf.o)
    0x0800e6b8   0x00000154   Code   RO          901    x$fpl$dmul          fz_ws.l(dmul.o)
    0x0800e80c   0x0000009c   Code   RO          945    x$fpl$dnaninf       fz_ws.l(dnaninf.o)
    0x0800e8a8   0x0000000c   Code   RO          947    x$fpl$dretinf       fz_ws.l(dretinf.o)
    0x0800e8b4   0x0000006c   Code   RO          903    x$fpl$drleqf        fz_ws.l(drleqf.o)
    0x0800e920   0x00000016   Code   RO          874    x$fpl$drsb          fz_ws.l(daddsub_clz.o)
    0x0800e936   0x00000002   PAD
    0x0800e938   0x000001d4   Code   RO          875    x$fpl$dsub          fz_ws.l(daddsub_clz.o)
    0x0800eb0c   0x00000004   Code   RO          905    x$fpl$printf1       fz_ws.l(printf1.o)
    0x0800eb10   0x00000064   Code   RO         1136    x$fpl$retnan        fz_ws.l(retnan.o)
    0x0800eb74   0x0000005c   Code   RO         1060    x$fpl$scalbn        fz_ws.l(scalbn.o)
    0x0800ebd0   0x00000030   Code   RO         1149    x$fpl$trapveneer    fz_ws.l(trapv.o)
    0x0800ec00   0x00000000   Code   RO          949    x$fpl$usenofp       fz_ws.l(usenofp.o)
    0x0800ec00   0x000017c0   Data   RO          297    .constdata          lcd.o
    0x080103c0   0x00000030   Data   RO          646    .constdata          hubmotor.o
    0x080103f0   0x00000028   Data   RO          662    .constdata          steeringmotor.o
    0x08010418   0x00000028   Data   RO          828    .constdata          c_w.l(_printf_hex_int.o)
    0x08010440   0x00000098   Data   RO          952    .constdata          m_ws.l(atan.o)
    0x080104d8   0x00000030   Data   RO          961    .constdata          m_ws.l(cos_i.o)
    0x08010508   0x00000008   Data   RO          977    .constdata          m_ws.l(qnan.o)
    0x08010510   0x000000c8   Data   RO          980    .constdata          m_ws.l(rred.o)
    0x080105d8   0x00000028   Data   RO          984    .constdata          m_ws.l(sin_i.o)
    0x08010600   0x00000060   Data   RO          990    .constdata          m_ws.l(tan_i.o)
    0x08010660   0x00000094   Data   RO         1027    .constdata          c_w.l(bigflt0.o)
    0x080106f4   0x00000072   Data   RO          711    .conststring        dealdate.o
    0x08010766   0x00000002   PAD
    0x08010768   0x00000020   Data   RO         1208    Region$$Table       anon$$obj.o
    0x08010788   0x0000001c   Data   RO         1055    locale$$data        c_w.l(lc_numeric_c.o)


    Execution Region RW_IRAM1 (Base: 0x20000000, Size: 0x000009a0, Max: 0x00010000, ABSOLUTE, COMPRESSED[0x00000048])

    Base Addr    Size         Type   Attr      Idx    E Section Name        Object

    0x20000000   0x00000014   Data   RW          105    .data               system_stm32f10x.o
    0x20000014   0x00000076   Data   RW          123    .data               main.o
    0x2000008a   0x00000004   Data   RW          298    .data               lcd.o
    0x2000008e   0x00000001   Data   RW          348    .data               rs485.o
    0x2000008f   0x00000001   PAD
    0x20000090   0x00000004   Data   RW          366    .data               timer.o
    0x20000094   0x00000024   Data   RW          394    .data               pstwo.o
    0x200000b8   0x00000004   Data   RW          436    .data               delay.o
    0x200000bc   0x00000006   Data   RW          468    .data               usart.o
    0x200000c2   0x00000014   Data   RW          567    .data               stm32f10x_rcc.o
    0x200000d6   0x00000001   Data   RW          629    .data               encoder.o
    0x200000d7   0x00000001   PAD
    0x200000d8   0x00000028   Data   RW          690    .data               xianwei.o
    0x20000100   0x00000008   Data   RW          755    .data               workstate.o
    0x20000108   0x00000078   Data   RW          770    .data               action.o
    0x20000180   0x0000000e   Zero   RW          296    .bss                lcd.o
    0x2000018e   0x00000040   Zero   RW          347    .bss                rs485.o
    0x200001ce   0x00000009   Zero   RW          393    .bss                pstwo.o
    0x200001d7   0x000000c8   Zero   RW          467    .bss                usart.o
    0x2000029f   0x00000020   Zero   RW          645    .bss                hubmotor.o
    0x200002bf   0x00000020   Zero   RW          661    .bss                steeringmotor.o
    0x200002df   0x00000001   PAD
    0x200002e0   0x00000060   Zero   RW          710    .bss                dealdate.o
    0x20000340   0x00000060   Zero   RW         1067    .bss                c_w.l(libspace.o)
    0x200003a0   0x00000200   Zero   RW          500    HEAP                startup_stm32f10x_hd.o
    0x200005a0   0x00000400   Zero   RW          499    STACK               startup_stm32f10x_hd.o


==============================================================================

Image component sizes


      Code (inc. data)   RO Data    RW Data    ZI Data      Debug   Object Name

       880         90          0        120          0       1276   action.o
        56          6          0          0          0        476   beep.o
       440         12          0          0          0       1944   can.o
       824         72          0          0          0       1094   control.o
        62          0          0          0          0        653   crc.o
      1372         58        114          0         96       1993   dealdate.o
       212         18          0          4          0        995   delay.o
       584         38          0          1          0       1291   encoder.o
      1424         20         48          0         32       4530   hubmotor.o
      1404        496          0          0          0       1174   init.o
     19036        162       6080          4         14      21570   lcd.o
       264         34          0        118          0     216738   main.o
       220         22          0          0          0       1769   misc.o
      1052         36          0         36          9       3619   pstwo.o
      1532         78          0          0          0       1337   rotationcontrol.o
       412         24          0          1         64       2102   rs485.o
        64         26        304          0       1536        784   startup_stm32f10x_hd.o
      3316        170         40          0         32       5719   steeringmotor.o
      2544         38          0          0          0       7820   stm32f10x_can.o
      1548         18          0          0          0       5319   stm32f10x_fsmc.o
       860         38          0          0          0       5617   stm32f10x_gpio.o
        26          0          0          0          0      57026   stm32f10x_it.o
        64          6          0          0          0       1253   stm32f10x_iwdg.o
       932         36          0         20          0       8776   stm32f10x_rcc.o
      3610         88          0          0          0      22100   stm32f10x_tim.o
      1032         22          0          0          0       8340   stm32f10x_usart.o
         0          0          0          0          0         32   sys.o
       480         38          0         20          0       1695   system_stm32f10x.o
      1372         94          0          4          0       4349   timer.o
      1070         44          0          0          0       1802   timer_hub.o
       320         16          0          6        200       3106   usart.o
        44          0          0          0          0        630   wdg.o
      1484        210          0          8          0       2060   workstate.o
       540         58          0         40          0       1456   xianwei.o

    ----------------------------------------------------------------------
     49084       2068       6620        384       1984     400445   Object Totals
         0          0         32          0          0          0   (incl. Generated)
         4          0          2          2          1          0   (incl. Padding)

    ----------------------------------------------------------------------

      Code (inc. data)   RO Data    RW Data    ZI Data      Debug   Library Member Name

        90          0          0          0          0          0   __dczerorl2.o
         8          0          0          0          0         68   __main.o
       104          0          0          0          0         84   __printf.o
         0          0          0          0          0          0   __rtentry.o
        12          0          0          0          0          0   __rtentry2.o
         6          0          0          0          0          0   __rtentry4.o
        52          8          0          0          0          0   __scatter.o
        28          0          0          0          0          0   __scatter_zi.o
        48          6          0          0          0         96   _printf_char_common.o
        36          4          0          0          0         80   _printf_char_file.o
         6          0          0          0          0          0   _printf_d.o
       120         16          0          0          0         92   _printf_dec.o
         6          0          0          0          0          0   _printf_f.o
      1050          0          0          0          0        216   _printf_fp_dec.o
       128         16          0          0          0         84   _printf_fp_infnan.o
        88          4         40          0          0         88   _printf_hex_int.o
       178          0          0          0          0         88   _printf_intcommon.o
         0          0          0          0          0          0   _printf_percent.o
         4          0          0          0          0          0   _printf_percent_end.o
         6          0          0          0          0          0   _printf_x.o
        22          0          0          0          0        100   _rserrno.o
       220          4        148          0          0         96   bigflt0.o
      1910        128          0          0          0        672   btod.o
        12          0          0          0          0         72   exit.o
         8          0          0          0          0         68   ferror.o
         6          0          0          0          0        152   heapauxi.o
        44         10         28          0          0         76   lc_numeric_c.o
         2          0          0          0          0          0   libinit.o
        18          0          0          0          0          0   libinit2.o
         2          0          0          0          0          0   libshutdown.o
         2          0          0          0          0          0   libshutdown2.o
         8          4          0          0         96         68   libspace.o
       138          0          0          0          0         80   lludiv10.o
        24          4          0          0          0         84   noretval__2printf.o
         8          4          0          0          0         68   rt_errno_addr_intlibspace.o
         8          4          0          0          0         68   rt_locale_intlibspace.o
         2          0          0          0          0          0   rtexit.o
        10          0          0          0          0          0   rtexit2.o
       128          0          0          0          0         68   strcmpv7m.o
        74          0          0          0          0         80   sys_stackheap_outer.o
         2          0          0          0          0         68   use_no_semi.o
         2          0          0          0          0         68   use_no_semi_2.o
       826         16          0          0          0        348   daddsub_clz.o
        16          4          0          0          0         68   dcheck1.o
        24          0          0          0          0         68   dcmpi.o
       688        140          0          0          0        208   ddiv.o
       120          4          0          0          0         92   deqf.o
        94          4          0          0          0         92   dfix.o
        90          4          0          0          0         92   dfixu.o
        84          0          0          0          0        136   dflt_clz.o
       120          4          0          0          0         92   dleqf.o
       340         12          0          0          0        104   dmul.o
       156          4          0          0          0         92   dnaninf.o
        12          0          0          0          0         68   dretinf.o
       108          0          0          0          0         80   drleqf.o
         4          0          0          0          0         68   printf1.o
       100          0          0          0          0         68   retnan.o
        92          0          0          0          0         68   scalbn.o
        48          0          0          0          0         68   trapv.o
         0          0          0          0          0          0   usenofp.o
       544         70        152          0          0        124   atan.o
       384         38          0          0          0        144   atan2.o
       252         22         48          0          0        124   cos_i.o
        38          6          0          0          0        272   dunder.o
        40          0          0          0          0         68   fpclassify.o
       170          0          0          0          0         96   poly.o
         0          0          8          0          0          0   qnan.o
       904         76        200          0          0        140   rred.o
       160         10          0          0          0        108   sin.o
       236         12         40          0          0        128   sin_i.o
       100         10          0          0          0         96   tan.o
       636         50         96          0          0        168   tan_i.o

    ----------------------------------------------------------------------
     11028        698        760          0         96       6064   Library Totals
        22          0          0          0          0          0   (incl. Padding)

    ----------------------------------------------------------------------

      Code (inc. data)   RO Data    RW Data    ZI Data      Debug   Library Name

      4620        212        216          0         96       2784   c_w.l
      2922        192          0          0          0       1812   fz_ws.l
      3464        294        544          0          0       1468   m_ws.l

    ----------------------------------------------------------------------
     11028        698        760          0         96       6064   Library Totals

    ----------------------------------------------------------------------

==============================================================================


      Code (inc. data)   RO Data    RW Data    ZI Data      Debug   

     60112       2766       7380        384       2080     400525   Grand Totals
     60112       2766       7380         72       2080     400525   ELF Image Totals (compressed)
     60112       2766       7380         72          0          0   ROM Totals

==============================================================================

    Total RO  Size (Code + RO Data)                67492 (  65.91kB)
    Total RW  Size (RW Data + ZI Data)              2464 (   2.41kB)
    Total ROM Size (Code + RO Data + RW Data)      67564 (  65.98kB)

==============================================================================

